Archive member included to satisfy reference by file (symbol)

/Applications/FEH_ARM/bin/../lib/gcc/arm-none-eabi/10.3.1/../../../../arm-none-eabi/lib/thumb/v7e-m/nofp/libstdc++.a(del_ops.o)
                              Libraries/FEHIO.o (operator delete(void*, unsigned int))
/Applications/FEH_ARM/bin/../lib/gcc/arm-none-eabi/10.3.1/../../../../arm-none-eabi/lib/thumb/v7e-m/nofp/libstdc++.a(new_op.o)
                              Libraries/FEHIO.o (operator new(unsigned int))
/Applications/FEH_ARM/bin/../lib/gcc/arm-none-eabi/10.3.1/../../../../arm-none-eabi/lib/thumb/v7e-m/nofp/libstdc++.a(bad_alloc.o)
                              /Applications/FEH_ARM/bin/../lib/gcc/arm-none-eabi/10.3.1/../../../../arm-none-eabi/lib/thumb/v7e-m/nofp/libstdc++.a(new_op.o) (std::bad_alloc::~bad_alloc())
/Applications/FEH_ARM/bin/../lib/gcc/arm-none-eabi/10.3.1/../../../../arm-none-eabi/lib/thumb/v7e-m/nofp/libstdc++.a(del_op.o)
                              /Applications/FEH_ARM/bin/../lib/gcc/arm-none-eabi/10.3.1/../../../../arm-none-eabi/lib/thumb/v7e-m/nofp/libstdc++.a(del_ops.o) (operator delete(void*))
/Applications/FEH_ARM/bin/../lib/gcc/arm-none-eabi/10.3.1/../../../../arm-none-eabi/lib/thumb/v7e-m/nofp/libstdc++.a(eh_alloc.o)
                              /Applications/FEH_ARM/bin/../lib/gcc/arm-none-eabi/10.3.1/../../../../arm-none-eabi/lib/thumb/v7e-m/nofp/libstdc++.a(new_op.o) (__cxa_allocate_exception)
/Applications/FEH_ARM/bin/../lib/gcc/arm-none-eabi/10.3.1/../../../../arm-none-eabi/lib/thumb/v7e-m/nofp/libstdc++.a(eh_exception.o)
                              /Applications/FEH_ARM/bin/../lib/gcc/arm-none-eabi/10.3.1/../../../../arm-none-eabi/lib/thumb/v7e-m/nofp/libstdc++.a(bad_alloc.o) (std::exception::~exception())
/Applications/FEH_ARM/bin/../lib/gcc/arm-none-eabi/10.3.1/../../../../arm-none-eabi/lib/thumb/v7e-m/nofp/libstdc++.a(eh_terminate.o)
                              /Applications/FEH_ARM/bin/../lib/gcc/arm-none-eabi/10.3.1/../../../../arm-none-eabi/lib/thumb/v7e-m/nofp/libstdc++.a(eh_alloc.o) (std::terminate())
/Applications/FEH_ARM/bin/../lib/gcc/arm-none-eabi/10.3.1/../../../../arm-none-eabi/lib/thumb/v7e-m/nofp/libstdc++.a(eh_throw.o)
                              /Applications/FEH_ARM/bin/../lib/gcc/arm-none-eabi/10.3.1/../../../../arm-none-eabi/lib/thumb/v7e-m/nofp/libstdc++.a(new_op.o) (__cxa_throw)
/Applications/FEH_ARM/bin/../lib/gcc/arm-none-eabi/10.3.1/../../../../arm-none-eabi/lib/thumb/v7e-m/nofp/libstdc++.a(eh_unex_handler.o)
                              /Applications/FEH_ARM/bin/../lib/gcc/arm-none-eabi/10.3.1/../../../../arm-none-eabi/lib/thumb/v7e-m/nofp/libstdc++.a(eh_terminate.o) (__cxxabiv1::__unexpected_handler)
/Applications/FEH_ARM/bin/../lib/gcc/arm-none-eabi/10.3.1/../../../../arm-none-eabi/lib/thumb/v7e-m/nofp/libstdc++.a(new_handler.o)
                              /Applications/FEH_ARM/bin/../lib/gcc/arm-none-eabi/10.3.1/../../../../arm-none-eabi/lib/thumb/v7e-m/nofp/libstdc++.a(new_op.o) (std::get_new_handler())
/Applications/FEH_ARM/bin/../lib/gcc/arm-none-eabi/10.3.1/../../../../arm-none-eabi/lib/thumb/v7e-m/nofp/libstdc++.a(pure.o)
                              /Applications/FEH_ARM/bin/../lib/gcc/arm-none-eabi/10.3.1/../../../../arm-none-eabi/lib/thumb/v7e-m/nofp/libstdc++.a(eh_exception.o) (__cxa_pure_virtual)
/Applications/FEH_ARM/bin/../lib/gcc/arm-none-eabi/10.3.1/../../../../arm-none-eabi/lib/thumb/v7e-m/nofp/libstdc++.a(si_class_type_info.o)
                              /Applications/FEH_ARM/bin/../lib/gcc/arm-none-eabi/10.3.1/../../../../arm-none-eabi/lib/thumb/v7e-m/nofp/libstdc++.a(bad_alloc.o) (vtable for __cxxabiv1::__si_class_type_info)
/Applications/FEH_ARM/bin/../lib/gcc/arm-none-eabi/10.3.1/../../../../arm-none-eabi/lib/thumb/v7e-m/nofp/libstdc++.a(tinfo.o)
                              /Applications/FEH_ARM/bin/../lib/gcc/arm-none-eabi/10.3.1/../../../../arm-none-eabi/lib/thumb/v7e-m/nofp/libstdc++.a(si_class_type_info.o) (std::type_info::__is_pointer_p() const)
/Applications/FEH_ARM/bin/../lib/gcc/arm-none-eabi/10.3.1/../../../../arm-none-eabi/lib/thumb/v7e-m/nofp/libstdc++.a(vterminate.o)
                              /Applications/FEH_ARM/bin/../lib/gcc/arm-none-eabi/10.3.1/../../../../arm-none-eabi/lib/thumb/v7e-m/nofp/libstdc++.a(eh_terminate.o) (__gnu_cxx::__verbose_terminate_handler())
/Applications/FEH_ARM/bin/../lib/gcc/arm-none-eabi/10.3.1/../../../../arm-none-eabi/lib/thumb/v7e-m/nofp/libstdc++.a(class_type_info.o)
                              /Applications/FEH_ARM/bin/../lib/gcc/arm-none-eabi/10.3.1/../../../../arm-none-eabi/lib/thumb/v7e-m/nofp/libstdc++.a(si_class_type_info.o) (__cxxabiv1::__class_type_info::__do_upcast(__cxxabiv1::__class_type_info const*, void**) const)
/Applications/FEH_ARM/bin/../lib/gcc/arm-none-eabi/10.3.1/../../../../arm-none-eabi/lib/thumb/v7e-m/nofp/libstdc++.a(cp-demangle.o)
[...]
Memory Configuration

Name             Origin             Length             Attributes
PROGRAM_FLASH    0x000000000000c000 0x0000000000073c00 xr
SRAM_UPPER       0x0000000020000000 0x0000000000010000 xrw
SRAM_LOWER       0x000000001fff0000 0x0000000000010000 xrw
*default*        0x0000000000000000 0xffffffffffffffff

Linker script and memory map

LOAD /Applications/FEH_ARM/bin/../lib/gcc/arm-none-eabi/10.3.1/thumb/v7e-m/nofp/crti.o
LOAD /Applications/FEH_ARM/bin/../lib/gcc/arm-none-eabi/10.3.1/thumb/v7e-m/nofp/crtbegin.o
LOAD /Applications/FEH_ARM/bin/../lib/gcc/arm-none-eabi/10.3.1/../../../../arm-none-eabi/lib/thumb/v7e-m/nofp/crt0.o
LOAD ../main.o
LOAD Startup/startup_mk60d10.o
LOAD Libraries/FEHMotor.o
LOAD Drivers/mcg.o
LOAD Drivers/i2c.o
LOAD Drivers/spi.o
LOAD Drivers/uart.o
LOAD Drivers/ff.o
LOAD Drivers/SDHC.o
LOAD Drivers/lptmr.o
LOAD FEHProteus.o
LOAD Drivers/FEHPropeller.o
LOAD Libraries/FEHUtility.o
LOAD Libraries/FEHIO.o
LOAD Drivers/adc16.o
LOAD Libraries/FEHBuzzer.o
LOAD Libraries/FEHServo.o
LOAD Libraries/FEHLCD.o
LOAD Libraries/FEHAccel.o
LOAD Libraries/FEHBattery.o
LOAD Drivers/FEHXBee.o
LOAD Libraries/FEHRPS.o
LOAD Libraries/FEHSD.o
LOAD Libraries/FEHRandom.o
LOAD /Applications/FEH_ARM/bin/../lib/gcc/arm-none-eabi/10.3.1/../../../../arm-none-eabi/lib/thumb/v7e-m/nofp/libstdc++.a
LOAD /Applications/FEH_ARM/bin/../lib/gcc/arm-none-eabi/10.3.1/../../../../arm-none-eabi/lib/thumb/v7e-m/nofp/libm.a
START GROUP
LOAD /Applications/FEH_ARM/bin/../lib/gcc/arm-none-eabi/10.3.1/thumb/v7e-m/nofp/libgcc.a
LOAD /Applications/FEH_ARM/bin/../lib/gcc/arm-none-eabi/10.3.1/../../../../arm-none-eabi/lib/thumb/v7e-m/nofp/libg.a
LOAD /Applications/FEH_ARM/bin/../lib/gcc/arm-none-eabi/10.3.1/../../../../arm-none-eabi/lib/thumb/v7e-m/nofp/libc.a
END GROUP
START GROUP
LOAD /Applications/FEH_ARM/bin/../lib/gcc/arm-none-eabi/10.3.1/thumb/v7e-m/nofp/libgcc.a
LOAD /Applications/FEH_ARM/bin/../lib/gcc/arm-none-eabi/10.3.1/../../../../arm-none-eabi/lib/thumb/v7e-m/nofp/libc.a
LOAD /Applications/FEH_ARM/bin/../lib/gcc/arm-none-eabi/10.3.1/../../../../arm-none-eabi/lib/thumb/v7e-m/nofp/libnosys.a
END GROUP
LOAD /Applications/FEH_ARM/bin/../lib/gcc/arm-none-eabi/10.3.1/thumb/v7e-m/nofp/crtend.o
LOAD /Applications/FEH_ARM/bin/../lib/gcc/arm-none-eabi/10.3.1/thumb/v7e-m/nofp/crtn.o
                0x000000000000c000                __base_PROGRAM_FLASH = 0xc000
                0x000000000000c000                __base_Flash = 0xc000
                0x000000000007fc00                __top_PROGRAM_FLASH = 0x7fc00
                0x000000000007fc00                __top_Flash = 0x7fc00
                0x0000000020000000                __base_SRAM_UPPER = 0x20000000
                0x0000000020000000                __base_RAM = 0x20000000
                0x0000000020010000                __top_SRAM_UPPER = 0x20010000
                0x0000000020010000                __top_RAM = 0x20010000
                0x000000001fff0000                __base_SRAM_LOWER = 0x1fff0000
                0x000000001fff0000                __base_RAM2 = 0x1fff0000
                0x0000000020000000                __top_SRAM_LOWER = 0x20000000
                0x0000000020000000                __top_RAM2 = 0x20000000

.text           0x000000000000c000      0x410
 FILL mask 0xff
                0x000000000000c000                __vectors_start__ = ABSOLUTE (.)
 *(.isr_vector)
 .isr_vector    0x000000000000c000      0x1bc Startup/startup_mk60d10.o
                0x000000000000c000                __Vectors
                0x000000000000c000                g_pfnVectors
                0x000000000000c1bc                . = ALIGN (0x4)
                0x000000000000c1bc                __section_table_start = .
                0x000000000000c1bc                __data_section_table = .
                0x000000000000c1bc        0x4 LONG 0x2ab9c LOADADDR (.data)
                0x000000000000c1c0        0x4 LONG 0x20000000 ADDR (.data)
                0x000000000000c1c4        0x4 LONG 0x16d4 SIZEOF (.data)
                0x000000000000c1c8        0x4 LONG 0x2ab9c LOADADDR (.data_RAM2)
                0x000000000000c1cc        0x4 LONG 0x1fff0000 ADDR (.data_RAM2)
                0x000000000000c1d0        0x4 LONG 0x0 SIZEOF (.data_RAM2)
                0x000000000000c1d4                __data_section_table_end = .
                0x000000000000c1d4                __bss_section_table = .
                0x000000000000c1d4        0x4 LONG 0x200016d4 ADDR (.bss)
                0x000000000000c1d8        0x4 LONG 0x6c4 SIZEOF (.bss)
                0x000000000000c1dc        0x4 LONG 0x1fff0000 ADDR (.bss_RAM2)
                0x000000000000c1e0        0x4 LONG 0x0 SIZEOF (.bss_RAM2)
                0x000000000000c1e4                __bss_section_table_end = .
                0x000000000000c1e4                __section_table_end = .
 *(.after_vectors*)
 .after_vectors.init_data
                0x000000000000c1e4       0x42 Startup/startup_mk60d10.o
                0x000000000000c1e4                data_init(unsigned int, unsigned int, unsigned int)
 .after_vectors.init_bss
                0x000000000000c226       0x36 Startup/startup_mk60d10.o
                0x000000000000c226                bss_init(unsigned int, unsigned int)
 .after_vectors.reset
                0x000000000000c25c       0xb4 Startup/startup_mk60d10.o
                0x000000000000c25c                ResetISR
 .after_vectors
                0x000000000000c310       0x3c Startup/startup_mk60d10.o
                0x000000000000c310                NMI_Handler
                0x000000000000c316                HardFault_Handler
                0x000000000000c31c                MemManage_Handler
                0x000000000000c322                BusFault_Handler
                0x000000000000c328                UsageFault_Handler
                0x000000000000c32e                SVC_Handler
                0x000000000000c334                DebugMon_Handler
                0x000000000000c33a                PendSV_Handler
                0x000000000000c340                SysTick_Handler
                0x000000000000c346                PIT2_DriverIRQHandler
                0x000000000000c346                SDHC_DriverIRQHandler
                0x000000000000c346                I2S0_Tx_DriverIRQHandler
                0x000000000000c346                TSI0_DriverIRQHandler
                0x000000000000c346                RTC_Seconds_DriverIRQHandler
                0x000000000000c346                Reserved109_DriverIRQHandler
                0x000000000000c346                DMA6_DriverIRQHandler
                0x000000000000c346                LLWU_DriverIRQHandler
                0x000000000000c346                MCM_DriverIRQHandler
                0x000000000000c346                MCG_DriverIRQHandler
                0x000000000000c346                ENET_1588_Timer_DriverIRQHandler
                0x000000000000c346                DAC1_DriverIRQHandler
                0x000000000000c346                CMP1_DriverIRQHandler
                0x000000000000c346                UART5_RX_TX_DriverIRQHandler
                0x000000000000c346                FTM0_DriverIRQHandler
                0x000000000000c346                IntDefaultHandler
                0x000000000000c346                USB0_DriverIRQHandler
                0x000000000000c346                UART5_ERR_DriverIRQHandler
                0x000000000000c346                DMA11_DriverIRQHandler
                0x000000000000c346                DAC0_DriverIRQHandler
                0x000000000000c346                DMA10_DriverIRQHandler
                0x000000000000c346                CMP2_DriverIRQHandler
                0x000000000000c346                UART2_ERR_DriverIRQHandler
                0x000000000000c346                SPI2_DriverIRQHandler
                0x000000000000c346                LVD_LVW_DriverIRQHandler
                0x000000000000c346                RNG_DriverIRQHandler
                0x000000000000c346                DMA5_DriverIRQHandler
                0x000000000000c346                DMA4_DriverIRQHandler
                0x000000000000c346                UART2_RX_TX_DriverIRQHandler
                0x000000000000c346                USBDCD_DriverIRQHandler
                0x000000000000c346                UART3_ERR_DriverIRQHandler
                0x000000000000c346                DMA3_DriverIRQHandler
                0x000000000000c346                DMA8_DriverIRQHandler
                0x000000000000c346                DMA9_DriverIRQHandler
                0x000000000000c346                UART0_ERR_DriverIRQHandler
                0x000000000000c346                CMT_DriverIRQHandler
                0x000000000000c346                ADC1_DriverIRQHandler
                0x000000000000c346                DMA14_DriverIRQHandler
                0x000000000000c346                PIT3_DriverIRQHandler
                0x000000000000c346                PIT1_DriverIRQHandler
                0x000000000000c346                WDOG_EWM_DriverIRQHandler
                0x000000000000c346                PDB0_DriverIRQHandler
                0x000000000000c346                Reserved95_DriverIRQHandler
                0x000000000000c346                RTC_DriverIRQHandler
                0x000000000000c346                I2S0_Rx_DriverIRQHandler
                0x000000000000c346                Read_Collision_DriverIRQHandler
                0x000000000000c346                SWI_DriverIRQHandler
                0x000000000000c346                UART4_RX_TX_DriverIRQHandler
                0x000000000000c346                UART4_ERR_DriverIRQHandler
                0x000000000000c346                UART0_LON_DriverIRQHandler
                0x000000000000c346                DMA1_DriverIRQHandler
                0x000000000000c346                I2C1_DriverIRQHandler
                0x000000000000c346                UART3_RX_TX_DriverIRQHandler
                0x000000000000c346                ENET_Receive_DriverIRQHandler
                0x000000000000c346                DMA13_DriverIRQHandler
                0x000000000000c346                ENET_Error_DriverIRQHandler
                0x000000000000c346                DMA15_DriverIRQHandler
                0x000000000000c346                SPI0_DriverIRQHandler
                0x000000000000c346                ADC0_DriverIRQHandler
                0x000000000000c346                FTFL_DriverIRQHandler
                0x000000000000c346                CMP0_DriverIRQHandler
                0x000000000000c346                CAN0_DriverIRQHandler
                0x000000000000c346                Reserved59_DriverIRQHandler
                0x000000000000c346                UART1_ERR_DriverIRQHandler
                0x000000000000c346                DMA2_DriverIRQHandler
                0x000000000000c346                ENET_Transmit_DriverIRQHandler
                0x000000000000c346                I2C0_DriverIRQHandler
                0x000000000000c346                CAN1_DriverIRQHandler
                0x000000000000c346                DMA7_DriverIRQHandler
                0x000000000000c346                UART1_RX_TX_DriverIRQHandler
                0x000000000000c346                Reserved108_DriverIRQHandler
                0x000000000000c346                Reserved102_DriverIRQHandler
                0x000000000000c346                DMA0_DriverIRQHandler
                0x000000000000c346                DMA12_DriverIRQHandler
                0x000000000000c346                SPI1_DriverIRQHandler
                0x000000000000c346                LPTMR0_DriverIRQHandler
                0x000000000000c346                DMA_Error_DriverIRQHandler
                0x000000000000c346                FTM1_DriverIRQHandler
                0x000000000000c346                FTM2_DriverIRQHandler
                0x0000000000000400                . = 0x400
 *fill*         0x000000000000c34c       0xb4 ff
                0x000000000000c400                PROVIDE (__FLASH_CONFIG_START__ = .)
 *(.FlashConfig)
 .FlashConfig   0x000000000000c400       0x10 Startup/startup_mk60d10.o
                0x000000000000c410                PROVIDE (__FLASH_CONFIG_END__ = .)
                0x0000000000000001                ASSERT (! ((__FLASH_CONFIG_START__ == __FLASH_CONFIG_END__)), Linker Flash Config Support Enabled, but no .FlashConfig section provided within application)

.glue_7         0x000000000000c410        0x0
 .glue_7        0x000000000000c410        0x0 linker stubs

.glue_7t        0x000000000000c410        0x0
 .glue_7t       0x000000000000c410        0x0 linker stubs

.vfp11_veneer   0x000000000000c410        0x0
 .vfp11_veneer  0x000000000000c410        0x0 linker stubs

.v4_bx          0x000000000000c410        0x0
 .v4_bx         0x000000000000c410        0x0 linker stubs

.iplt           0x000000000000c410        0x0
 .iplt          0x000000000000c410        0x0 /Applications/FEH_ARM/bin/../lib/gcc/arm-none-eabi/10.3.1/thumb/v7e-m/nofp/crtbegin.o

.text           0x000000000000c440    0x1e4dc
 *(.text*)
 .text          0x000000000000c440       0x40 /Applications/FEH_ARM/bin/../lib/gcc/arm-none-eabi/10.3.1/thumb/v7e-m/nofp/crtbegin.o
 .text._Z13pulse_forwardif
                0x000000000000c480       0x4c ../main.o
                0x000000000000c480                pulse_forward(int, float)
 .text._Z22pulse_counterclockwiseif
                0x000000000000c4cc       0x50 ../main.o
                0x000000000000c4cc                pulse_counterclockwise(int, float)
 .text._Z12move_forwardii
                0x000000000000c51c       0xb0 ../main.o
                0x000000000000c51c                move_forward(int, int)
 .text._Z21turn_counterclockwiseii
                0x000000000000c5cc       0xb4 ../main.o
                0x000000000000c5cc                turn_counterclockwise(int, int)
 .text._Z7check_xfi
                0x000000000000c680      0x120 ../main.o
                0x000000000000c680                check_x(float, int)
 .text._Z7check_yfi
                0x000000000000c7a0      0x120 ../main.o
                0x000000000000c7a0                check_y(float, int)
 .text._Z13check_headingf
                0x000000000000c8c0      0x1f4 ../main.o
                0x000000000000c8c0                check_heading(float)
 .text.main     0x000000000000cab4      0x164 ../main.o
                0x000000000000cab4                main
 .text._Z41__static_initialization_and_destruction_0ii
                0x000000000000cc18       0x5c ../main.o
 .text._GLOBAL__sub_I_right_encoder
                0x000000000000cc74       0x10 ../main.o
 .text.PORTD_IRQHandler
                0x000000000000cc84       0x50 Startup/startup_mk60d10.o
                0x000000000000cc84                PORTD_IRQHandler
 .text._Z15InitPowerButtonv
                0x000000000000ccd4       0x60 Startup/startup_mk60d10.o
                0x000000000000ccd4                InitPowerButton()
 .text._ZL11pll_init_blv
                0x000000000000cd34       0xe0 Startup/startup_mk60d10.o
 .text._Z14InitFEHProteusv
                0x000000000000ce14       0xec Startup/startup_mk60d10.o
                0x000000000000ce14                InitFEHProteus()
 .text.DMA0_IRQHandler
                0x000000000000cf00        0xc Startup/startup_mk60d10.o
                0x000000000000cf00                DMA0_IRQHandler
 .text.DMA1_IRQHandler
                0x000000000000cf0c        0xc Startup/startup_mk60d10.o
                0x000000000000cf0c                DMA1_IRQHandler
 .text.DMA2_IRQHandler
                0x000000000000cf18        0xc Startup/startup_mk60d10.o
                0x000000000000cf18                DMA2_IRQHandler
 .text.DMA3_IRQHandler
                0x000000000000cf24        0xc Startup/startup_mk60d10.o
                0x000000000000cf24                DMA3_IRQHandler
 .text.DMA4_IRQHandler
                0x000000000000cf30        0xc Startup/startup_mk60d10.o
                0x000000000000cf30                DMA4_IRQHandler
 .text.DMA5_IRQHandler
                0x000000000000cf3c        0xc Startup/startup_mk60d10.o
                0x000000000000cf3c                DMA5_IRQHandler
 .text.DMA6_IRQHandler
                0x000000000000cf48        0xc Startup/startup_mk60d10.o
                0x000000000000cf48                DMA6_IRQHandler
 .text.DMA7_IRQHandler
                0x000000000000cf54        0xc Startup/startup_mk60d10.o
                0x000000000000cf54                DMA7_IRQHandler
 .text.DMA8_IRQHandler
                0x000000000000cf60        0xc Startup/startup_mk60d10.o
                0x000000000000cf60                DMA8_IRQHandler
 .text.DMA9_IRQHandler
                0x000000000000cf6c        0xc Startup/startup_mk60d10.o
                0x000000000000cf6c                DMA9_IRQHandler
 .text.DMA10_IRQHandler
                0x000000000000cf78        0xc Startup/startup_mk60d10.o
                0x000000000000cf78                DMA10_IRQHandler
 .text.DMA11_IRQHandler
                0x000000000000cf84        0xc Startup/startup_mk60d10.o
                0x000000000000cf84                DMA11_IRQHandler
 .text.DMA12_IRQHandler
                0x000000000000cf90        0xc Startup/startup_mk60d10.o
                0x000000000000cf90                DMA12_IRQHandler
 .text.DMA13_IRQHandler
                0x000000000000cf9c        0xc Startup/startup_mk60d10.o
                0x000000000000cf9c                DMA13_IRQHandler
 .text.DMA14_IRQHandler
                0x000000000000cfa8        0xc Startup/startup_mk60d10.o
                0x000000000000cfa8                DMA14_IRQHandler
 .text.DMA15_IRQHandler
                0x000000000000cfb4        0xc Startup/startup_mk60d10.o
                0x000000000000cfb4                DMA15_IRQHandler
 .text.DMA_Error_IRQHandler
                0x000000000000cfc0        0xc Startup/startup_mk60d10.o
                0x000000000000cfc0                DMA_Error_IRQHandler
 .text.MCM_IRQHandler
                0x000000000000cfcc        0xc Startup/startup_mk60d10.o
                0x000000000000cfcc                MCM_IRQHandler
 .text.FTFL_IRQHandler
                0x000000000000cfd8        0xc Startup/startup_mk60d10.o
                0x000000000000cfd8                FTFL_IRQHandler
 .text.Read_Collision_IRQHandler
                0x000000000000cfe4        0xc Startup/startup_mk60d10.o
                0x000000000000cfe4                Read_Collision_IRQHandler
 .text.LVD_LVW_IRQHandler
                0x000000000000cff0        0xc Startup/startup_mk60d10.o
                0x000000000000cff0                LVD_LVW_IRQHandler
 .text.LLWU_IRQHandler
                0x000000000000cffc        0xc Startup/startup_mk60d10.o
                0x000000000000cffc                LLWU_IRQHandler
 .text.WDOG_EWM_IRQHandler
                0x000000000000d008        0xc Startup/startup_mk60d10.o
                0x000000000000d008                WDOG_EWM_IRQHandler
 .text.RNG_IRQHandler
                0x000000000000d014        0xc Startup/startup_mk60d10.o
                0x000000000000d014                RNG_IRQHandler
 .text.I2C0_IRQHandler
                0x000000000000d020        0xc Startup/startup_mk60d10.o
                0x000000000000d020                I2C0_IRQHandler
 .text.I2C1_IRQHandler
                0x000000000000d02c        0xc Startup/startup_mk60d10.o
                0x000000000000d02c                I2C1_IRQHandler
 .text.SPI0_IRQHandler
                0x000000000000d038        0xc Startup/startup_mk60d10.o
                0x000000000000d038                SPI0_IRQHandler
 .text.SPI1_IRQHandler
                0x000000000000d044        0xc Startup/startup_mk60d10.o
                0x000000000000d044                SPI1_IRQHandler
 .text.SPI2_IRQHandler
                0x000000000000d050        0xc Startup/startup_mk60d10.o
                0x000000000000d050                SPI2_IRQHandler
 .text.CAN0_ORed_Message_buffer_IRQHandler
                0x000000000000d05c        0xc Startup/startup_mk60d10.o
                0x000000000000d05c                CAN0_ORed_Message_buffer_IRQHandler
 .text.CAN0_Bus_Off_IRQHandler
                0x000000000000d068        0xc Startup/startup_mk60d10.o
                0x000000000000d068                CAN0_Bus_Off_IRQHandler
 .text.CAN0_Error_IRQHandler
                0x000000000000d074        0xc Startup/startup_mk60d10.o
                0x000000000000d074                CAN0_Error_IRQHandler
 .text.CAN0_Tx_Warning_IRQHandler
                0x000000000000d080        0xc Startup/startup_mk60d10.o
                0x000000000000d080                CAN0_Tx_Warning_IRQHandler
 .text.CAN0_Rx_Warning_IRQHandler
                0x000000000000d08c        0xc Startup/startup_mk60d10.o
                0x000000000000d08c                CAN0_Rx_Warning_IRQHandler
 .text.CAN0_Wake_Up_IRQHandler
                0x000000000000d098        0xc Startup/startup_mk60d10.o
                0x000000000000d098                CAN0_Wake_Up_IRQHandler
 .text.I2S0_Tx_IRQHandler
                0x000000000000d0a4        0xc Startup/startup_mk60d10.o
                0x000000000000d0a4                I2S0_Tx_IRQHandler
 .text.I2S0_Rx_IRQHandler
                0x000000000000d0b0        0xc Startup/startup_mk60d10.o
                0x000000000000d0b0                I2S0_Rx_IRQHandler
 .text.CAN1_ORed_Message_buffer_IRQHandler
                0x000000000000d0bc        0xc Startup/startup_mk60d10.o
                0x000000000000d0bc                CAN1_ORed_Message_buffer_IRQHandler
 .text.CAN1_Bus_Off_IRQHandler
                0x000000000000d0c8        0xc Startup/startup_mk60d10.o
                0x000000000000d0c8                CAN1_Bus_Off_IRQHandler
 .text.CAN1_Error_IRQHandler
                0x000000000000d0d4        0xc Startup/startup_mk60d10.o
                0x000000000000d0d4                CAN1_Error_IRQHandler
 .text.CAN1_Tx_Warning_IRQHandler
                0x000000000000d0e0        0xc Startup/startup_mk60d10.o
                0x000000000000d0e0                CAN1_Tx_Warning_IRQHandler
 .text.CAN1_Rx_Warning_IRQHandler
                0x000000000000d0ec        0xc Startup/startup_mk60d10.o
                0x000000000000d0ec                CAN1_Rx_Warning_IRQHandler
 .text.CAN1_Wake_Up_IRQHandler
                0x000000000000d0f8        0xc Startup/startup_mk60d10.o
                0x000000000000d0f8                CAN1_Wake_Up_IRQHandler
 .text.Reserved59_IRQHandler
                0x000000000000d104        0xc Startup/startup_mk60d10.o
                0x000000000000d104                Reserved59_IRQHandler
 .text.UART0_LON_IRQHandler
                0x000000000000d110        0xc Startup/startup_mk60d10.o
                0x000000000000d110                UART0_LON_IRQHandler
 .text.UART0_ERR_IRQHandler
                0x000000000000d11c        0xc Startup/startup_mk60d10.o
                0x000000000000d11c                UART0_ERR_IRQHandler
 .text.UART1_RX_TX_IRQHandler
                0x000000000000d128        0xc Startup/startup_mk60d10.o
                0x000000000000d128                UART1_RX_TX_IRQHandler
 .text.UART1_ERR_IRQHandler
                0x000000000000d134        0xc Startup/startup_mk60d10.o
                0x000000000000d134                UART1_ERR_IRQHandler
 .text.UART2_RX_TX_IRQHandler
                0x000000000000d140        0xc Startup/startup_mk60d10.o
                0x000000000000d140                UART2_RX_TX_IRQHandler
 .text.UART2_ERR_IRQHandler
                0x000000000000d14c        0xc Startup/startup_mk60d10.o
                0x000000000000d14c                UART2_ERR_IRQHandler
 .text.UART3_RX_TX_IRQHandler
                0x000000000000d158        0xc Startup/startup_mk60d10.o
                0x000000000000d158                UART3_RX_TX_IRQHandler
 .text.UART3_ERR_IRQHandler
                0x000000000000d164        0xc Startup/startup_mk60d10.o
                0x000000000000d164                UART3_ERR_IRQHandler
 .text.UART4_RX_TX_IRQHandler
                0x000000000000d170        0xc Startup/startup_mk60d10.o
                0x000000000000d170                UART4_RX_TX_IRQHandler
 .text.UART4_ERR_IRQHandler
                0x000000000000d17c        0xc Startup/startup_mk60d10.o
                0x000000000000d17c                UART4_ERR_IRQHandler
 .text.UART5_RX_TX_IRQHandler
                0x000000000000d188        0xc Startup/startup_mk60d10.o
                0x000000000000d188                UART5_RX_TX_IRQHandler
 .text.UART5_ERR_IRQHandler
                0x000000000000d194        0xc Startup/startup_mk60d10.o
                0x000000000000d194                UART5_ERR_IRQHandler
 .text.ADC0_IRQHandler
                0x000000000000d1a0        0xc Startup/startup_mk60d10.o
                0x000000000000d1a0                ADC0_IRQHandler
 .text.ADC1_IRQHandler
                0x000000000000d1ac        0xc Startup/startup_mk60d10.o
                0x000000000000d1ac                ADC1_IRQHandler
 .text.CMP0_IRQHandler
                0x000000000000d1b8        0xc Startup/startup_mk60d10.o
                0x000000000000d1b8                CMP0_IRQHandler
 .text.CMP1_IRQHandler
                0x000000000000d1c4        0xc Startup/startup_mk60d10.o
                0x000000000000d1c4                CMP1_IRQHandler
 .text.CMP2_IRQHandler
                0x000000000000d1d0        0xc Startup/startup_mk60d10.o
                0x000000000000d1d0                CMP2_IRQHandler
 .text.FTM0_IRQHandler
                0x000000000000d1dc        0xc Startup/startup_mk60d10.o
                0x000000000000d1dc                FTM0_IRQHandler
 .text.FTM1_IRQHandler
                0x000000000000d1e8        0xc Startup/startup_mk60d10.o
                0x000000000000d1e8                FTM1_IRQHandler
 .text.FTM2_IRQHandler
                0x000000000000d1f4        0xc Startup/startup_mk60d10.o
                0x000000000000d1f4                FTM2_IRQHandler
 .text.CMT_IRQHandler
                0x000000000000d200        0xc Startup/startup_mk60d10.o
                0x000000000000d200                CMT_IRQHandler
 .text.RTC_IRQHandler
                0x000000000000d20c        0xc Startup/startup_mk60d10.o
                0x000000000000d20c                RTC_IRQHandler
 .text.RTC_Seconds_IRQHandler
                0x000000000000d218        0xc Startup/startup_mk60d10.o
                0x000000000000d218                RTC_Seconds_IRQHandler
 .text.PIT1_IRQHandler
                0x000000000000d224        0xc Startup/startup_mk60d10.o
                0x000000000000d224                PIT1_IRQHandler
 .text.PIT2_IRQHandler
                0x000000000000d230        0xc Startup/startup_mk60d10.o
                0x000000000000d230                PIT2_IRQHandler
 .text.PIT3_IRQHandler
                0x000000000000d23c        0xc Startup/startup_mk60d10.o
                0x000000000000d23c                PIT3_IRQHandler
 .text.PDB0_IRQHandler
                0x000000000000d248        0xc Startup/startup_mk60d10.o
                0x000000000000d248                PDB0_IRQHandler
 .text.USB0_IRQHandler
                0x000000000000d254        0xc Startup/startup_mk60d10.o
                0x000000000000d254                USB0_IRQHandler
 .text.USBDCD_IRQHandler
                0x000000000000d260        0xc Startup/startup_mk60d10.o
                0x000000000000d260                USBDCD_IRQHandler
 .text.ENET_1588_Timer_IRQHandler
                0x000000000000d26c        0xc Startup/startup_mk60d10.o
                0x000000000000d26c                ENET_1588_Timer_IRQHandler
 .text.ENET_Transmit_IRQHandler
                0x000000000000d278        0xc Startup/startup_mk60d10.o
                0x000000000000d278                ENET_Transmit_IRQHandler
 .text.ENET_Receive_IRQHandler
                0x000000000000d284        0xc Startup/startup_mk60d10.o
                0x000000000000d284                ENET_Receive_IRQHandler
 .text.ENET_Error_IRQHandler
                0x000000000000d290        0xc Startup/startup_mk60d10.o
                0x000000000000d290                ENET_Error_IRQHandler
 .text.Reserved95_IRQHandler
                0x000000000000d29c        0xc Startup/startup_mk60d10.o
                0x000000000000d29c                Reserved95_IRQHandler
 .text.SDHC_IRQHandler
                0x000000000000d2a8        0xc Startup/startup_mk60d10.o
                0x000000000000d2a8                SDHC_IRQHandler
 .text.DAC0_IRQHandler
                0x000000000000d2b4        0xc Startup/startup_mk60d10.o
                0x000000000000d2b4                DAC0_IRQHandler
 .text.DAC1_IRQHandler
                0x000000000000d2c0        0xc Startup/startup_mk60d10.o
                0x000000000000d2c0                DAC1_IRQHandler
 .text.TSI0_IRQHandler
                0x000000000000d2cc        0xc Startup/startup_mk60d10.o
                0x000000000000d2cc                TSI0_IRQHandler
 .text.MCG_IRQHandler
                0x000000000000d2d8        0xc Startup/startup_mk60d10.o
                0x000000000000d2d8                MCG_IRQHandler
 .text.LPTMR0_IRQHandler
                0x000000000000d2e4        0xc Startup/startup_mk60d10.o
                0x000000000000d2e4                LPTMR0_IRQHandler
 .text.Reserved102_IRQHandler
                0x000000000000d2f0        0xc Startup/startup_mk60d10.o
                0x000000000000d2f0                Reserved102_IRQHandler
 .text.Reserved108_IRQHandler
                0x000000000000d2fc        0xc Startup/startup_mk60d10.o
                0x000000000000d2fc                Reserved108_IRQHandler
 .text.Reserved109_IRQHandler
                0x000000000000d308        0xc Startup/startup_mk60d10.o
                0x000000000000d308                Reserved109_IRQHandler
 .text.SWI_IRQHandler
                0x000000000000d314        0xc Startup/startup_mk60d10.o
                0x000000000000d314                SWI_IRQHandler
 .text._ZN8FEHMotorC2ENS_12FEHMotorPortEf
                0x000000000000d320       0x7c Libraries/FEHMotor.o
                0x000000000000d320                FEHMotor::FEHMotor(FEHMotor::FEHMotorPort, float)
                0x000000000000d320                FEHMotor::FEHMotor(FEHMotor::FEHMotorPort, float)
 .text._ZN8FEHMotor4StopEv
                0x000000000000d39c       0x30 Libraries/FEHMotor.o
                0x000000000000d39c                FEHMotor::Stop()
 .text._ZN8FEHMotor8SetPowerEi
                0x000000000000d3cc       0x54 Libraries/FEHMotor.o
                0x000000000000d3cc                FEHMotor::SetPower(int)
 .text._ZN8FEHMotor10SetPercentEf
                0x000000000000d420       0xf8 Libraries/FEHMotor.o
                0x000000000000d420                FEHMotor::SetPercent(float)
 .text._Z21IIC_StartTransmissionhh
                0x000000000000d518       0x6c Drivers/i2c.o
                0x000000000000d518                IIC_StartTransmission(unsigned char, unsigned char)
 .text._Z5Pausev
                0x000000000000d584       0x24 Drivers/i2c.o
                0x000000000000d584                Pause()
 .text._Z21MMA8451QWriteRegisterhh
                0x000000000000d5a8       0x68 Drivers/i2c.o
                0x000000000000d5a8                MMA8451QWriteRegister(unsigned char, unsigned char)
 .text._Z8i2c_Waitv
                0x000000000000d610       0x6c Drivers/i2c.o
                0x000000000000d610                i2c_Wait()
 .text._Z12SPI_SendCharh
                0x000000000000d67c       0x1a Drivers/spi.o
                0x000000000000d67c                SPI_SendChar(unsigned char)
 .text._Z16SPI_WriteCommandhh
                0x000000000000d696       0x34 Drivers/spi.o
                0x000000000000d696                SPI_WriteCommand(unsigned char, unsigned char)
 .text._Z11SPI_GetCharv
                0x000000000000d6ca       0x10 Drivers/spi.o
                0x000000000000d6ca                SPI_GetChar()
 .text._Z15SPI_ReadCommandh
                0x000000000000d6da       0x38 Drivers/spi.o
                0x000000000000d6da                SPI_ReadCommand(unsigned char)
 *fill*         0x000000000000d712        0x2 
 .text._Z13SPI_CS_Assertv
                0x000000000000d714       0x1c Drivers/spi.o
                0x000000000000d714                SPI_CS_Assert()
 .text._Z15SPI_CS_Deassertv
                0x000000000000d730       0x1c Drivers/spi.o
                0x000000000000d730                SPI_CS_Deassert()
 .text._Z12SPI_Transferh
                0x000000000000d74c       0x6c Drivers/spi.o
                0x000000000000d74c                SPI_Transfer(unsigned char)
 .text._Z8SPI_Initv
                0x000000000000d7b8       0xa0 Drivers/spi.o
                0x000000000000d7b8                SPI_Init()
 .text._Z9uart_initPV11UART_MemMapii
                0x000000000000d858      0x174 Drivers/uart.o
                0x000000000000d858                uart_init(UART_MemMap volatile*, int, int)
 .text._Z12uart_getcharPV11UART_MemMap
                0x000000000000d9cc       0x32 Drivers/uart.o
                0x000000000000d9cc                uart_getchar(UART_MemMap volatile*)
 .text._Z12uart_putcharPV11UART_MemMapc
                0x000000000000d9fe       0x32 Drivers/uart.o
                0x000000000000d9fe                uart_putchar(UART_MemMap volatile*, char)
 .text._ZL7mem_cpyPvPKvj
                0x000000000000da30       0x44 Drivers/ff.o
 .text._ZL7mem_setPvij
                0x000000000000da74       0x3c Drivers/ff.o
 .text._ZL7mem_cmpPKvS0_j
                0x000000000000dab0       0x56 Drivers/ff.o
 .text._ZL7chk_chrPKci
                0x000000000000db06       0x34 Drivers/ff.o
 .text._ZL11move_windowP5FATFSm
                0x000000000000db3a       0xc8 Drivers/ff.o
 .text._ZL4syncP5FATFS
                0x000000000000dc02      0x14c Drivers/ff.o
 .text._Z10clust2sectP5FATFSm
                0x000000000000dd4e       0x3c Drivers/ff.o
                0x000000000000dd4e                clust2sect(FATFS*, unsigned long)
 .text._Z7get_fatP5FATFSm
                0x000000000000dd8a      0x192 Drivers/ff.o
                0x000000000000dd8a                get_fat(FATFS*, unsigned long)
 .text._Z7put_fatP5FATFSmm
                0x000000000000df1c      0x20a Drivers/ff.o
                0x000000000000df1c                put_fat(FATFS*, unsigned long, unsigned long)
 .text._ZL12remove_chainP5FATFSm
                0x000000000000e126       0x9c Drivers/ff.o
 .text._ZL12create_chainP5FATFSm
                0x000000000000e1c2      0x112 Drivers/ff.o
 .text._ZL10clmt_clustP3FILm
                0x000000000000e2d4       0x62 Drivers/ff.o
 .text._ZL7dir_sdiP3DIRt
                0x000000000000e336      0x100 Drivers/ff.o
 .text._ZL8dir_nextP3DIRi
                0x000000000000e436      0x1b6 Drivers/ff.o
 .text._ZL8dir_findP3DIR
                0x000000000000e5ec       0xa0 Drivers/ff.o
 .text._ZL12dir_registerP3DIR
                0x000000000000e68c       0xae Drivers/ff.o
 *fill*         0x000000000000e73a        0x2 
 .text._ZL11create_nameP3DIRPPKc
                0x000000000000e73c      0x1f4 Drivers/ff.o
 .text._ZL11follow_pathP3DIRPKc
                0x000000000000e930      0x12c Drivers/ff.o
 .text._ZL8check_fsP5FATFSm
                0x000000000000ea5c       0xd8 Drivers/ff.o
 .text._ZL11chk_mountedPPKcPP5FATFSh
                0x000000000000eb34      0x534 Drivers/ff.o
 .text._ZL8validateP5FATFSt
                0x000000000000f068       0x54 Drivers/ff.o
 .text._Z7f_mounthP5FATFS
                0x000000000000f0bc       0x54 Drivers/ff.o
                0x000000000000f0bc                f_mount(unsigned char, FATFS*)
 .text._Z6f_openP3FILPKch
                0x000000000000f110      0x2de Drivers/ff.o
                0x000000000000f110                f_open(FIL*, char const*, unsigned char)
 .text._Z6f_readP3FILPvjPj
                0x000000000000f3ee      0x2dc Drivers/ff.o
                0x000000000000f3ee                f_read(FIL*, void*, unsigned int, unsigned int*)
 .text._Z6f_syncP3FIL
                0x000000000000f6ca      0x186 Drivers/ff.o
                0x000000000000f6ca                f_sync(FIL*)
 .text._Z7f_closeP3FIL
                0x000000000000f850       0x28 Drivers/ff.o
                0x000000000000f850                f_close(FIL*)
 .text._Z6f_getsPciP3FIL
                0x000000000000f878       0x70 Drivers/ff.o
                0x000000000000f878                f_gets(char*, int, FIL*)
 .text._ZL17SDHC_set_baudratemm
                0x000000000000f8e8       0xe8 Drivers/SDHC.o
 .text._Z9SDHC_initP17esdhc_info_structPK17esdhc_init_struct
                0x000000000000f9d0      0x130 Drivers/SDHC.o
                0x000000000000f9d0                SDHC_init(esdhc_info_struct*, esdhc_init_struct const*)
 .text._ZL15SDHC_is_runningv
                0x000000000000fb00       0x24 Drivers/SDHC.o
 .text._ZL16SDHC_status_waitm
                0x000000000000fb24       0x2c Drivers/SDHC.o
 .text._ZL17SDHC_send_commandP20esdhc_command_struct
                0x000000000000fb50      0x1f8 Drivers/SDHC.o
 .text._Z10SDHC_ioctlmPv
                0x000000000000fd48      0x6f0 Drivers/SDHC.o
                0x000000000000fd48                SDHC_ioctl(unsigned long, void*)
 .text._Z15disk_initializeh
                0x0000000000010438      0x384 Drivers/SDHC.o
                0x0000000000010438                disk_initialize(unsigned char)
 .text._ZL14rcvr_datablockPhm
                0x00000000000107bc       0xf0 Drivers/SDHC.o
 .text._Z9disk_readhPhmh
                0x00000000000108ac      0x124 Drivers/SDHC.o
                0x00000000000108ac                disk_read(unsigned char, unsigned char*, unsigned long, unsigned char)
 .text._ZL14xmit_datablockPKhm
                0x00000000000109d0       0xa4 Drivers/SDHC.o
 .text._Z10disk_writehPKhmh
                0x0000000000010a74      0x198 Drivers/SDHC.o
                0x0000000000010a74                disk_write(unsigned char, unsigned char const*, unsigned long, unsigned char)
 .text._Z10disk_ioctlhhPv
                0x0000000000010c0c      0x104 Drivers/SDHC.o
                0x0000000000010c0c                disk_ioctl(unsigned char, unsigned char, void*)
 .text._Z11disk_statush
                0x0000000000010d10       0x28 Drivers/SDHC.o
                0x0000000000010d10                disk_status(unsigned char)
 .text._Z13time_delay_msm
                0x0000000000010d38       0x6c Drivers/lptmr.o
                0x0000000000010d38                time_delay_ms(unsigned long)
 .text._Z41__static_initialization_and_destruction_0ii
                0x0000000000010da4       0x2c FEHProteus.o
 .text._GLOBAL__sub_I_Propeller
                0x0000000000010dd0       0x10 FEHProteus.o
 .text._ZN12FEHPropellerC2Ev
                0x0000000000010de0       0x1a Drivers/FEHPropeller.o
                0x0000000000010de0                FEHPropeller::FEHPropeller()
                0x0000000000010de0                FEHPropeller::FEHPropeller()
 *fill*         0x0000000000010dfa        0x2 
 .text._ZN12FEHPropeller10InitializeEv
                0x0000000000010dfc       0x74 Drivers/FEHPropeller.o
                0x0000000000010dfc                FEHPropeller::Initialize()
 .text._ZN12FEHPropeller12SetMotorRateEhhh
                0x0000000000010e70       0x5c Drivers/FEHPropeller.o
                0x0000000000010e70                FEHPropeller::SetMotorRate(unsigned char, unsigned char, unsigned char)
 .text._ZL5Delaymjj
                0x0000000000010ecc       0x94 Libraries/FEHUtility.o
 .text._Z5Sleepi
                0x0000000000010f60       0x2c Libraries/FEHUtility.o
                0x0000000000010f60                Sleep(int)
 .text._Z5Sleepf
                0x0000000000010f8c       0x40 Libraries/FEHUtility.o
                0x0000000000010f8c                Sleep(float)
 .text._Z5Sleepd
                0x0000000000010fcc       0x4c Libraries/FEHUtility.o
                0x0000000000010fcc                Sleep(double)
 .text._Z11TimeNowMSecv
                0x0000000000011018       0x38 Libraries/FEHUtility.o
                0x0000000000011018                TimeNowMSec()
 .text._ZN14DigitalEncoderC2EN5FEHIO8FEHIOPinE
                0x0000000000011050       0x26 Libraries/FEHIO.o
                0x0000000000011050                DigitalEncoder::DigitalEncoder(FEHIO::FEHIOPin)
                0x0000000000011050                DigitalEncoder::DigitalEncoder(FEHIO::FEHIOPin)
 *fill*         0x0000000000011076        0x2 
 .text._Z10enable_irqi
                0x0000000000011078      0x11c Libraries/FEHIO.o
                0x0000000000011078                enable_irq(int)
 .text._ZN14DigitalEncoder10InitializeEN5FEHIO8FEHIOPinENS0_21FEHIOInterruptTriggerE
                0x0000000000011194      0x1a8 Libraries/FEHIO.o
                0x0000000000011194                DigitalEncoder::Initialize(FEHIO::FEHIOPin, FEHIO::FEHIOInterruptTrigger)
 .text._Z16PORTB_IRQHandlerv
                0x000000000001133c       0x9c Libraries/FEHIO.o
                0x000000000001133c                PORTB_IRQHandler()
 .text._Z16PORTC_IRQHandlerv
                0x00000000000113d8       0x9c Libraries/FEHIO.o
                0x00000000000113d8                PORTC_IRQHandler()
 .text._Z16PORTA_IRQHandlerv
                0x0000000000011474       0xa0 Libraries/FEHIO.o
                0x0000000000011474                PORTA_IRQHandler()
 .text._Z16PORTE_IRQHandlerv
                0x0000000000011514       0x98 Libraries/FEHIO.o
                0x0000000000011514                PORTE_IRQHandler()
 .text._ZN14DigitalEncoder6CountsEv
                0x00000000000115ac       0x24 Libraries/FEHIO.o
                0x00000000000115ac                DigitalEncoder::Counts()
 .text._ZN14DigitalEncoder11ResetCountsEv
                0x00000000000115d0       0x24 Libraries/FEHIO.o
                0x00000000000115d0                DigitalEncoder::ResetCounts()
 .text._ZN14AnalogInputPinC2EN5FEHIO8FEHIOPinE
                0x00000000000115f4       0x1e Libraries/FEHIO.o
                0x00000000000115f4                AnalogInputPin::AnalogInputPin(FEHIO::FEHIOPin)
                0x00000000000115f4                AnalogInputPin::AnalogInputPin(FEHIO::FEHIOPin)
 *fill*         0x0000000000011612        0x2 
 .text._ZN13AnalogEncoder12EncoderValueEv
                0x0000000000011614       0xb0 Libraries/FEHIO.o
                0x0000000000011614                AnalogEncoder::EncoderValue()
 .text._ZN14AnalogInputPin8InitADCsEv
                0x00000000000116c4       0x98 Libraries/FEHIO.o
                0x00000000000116c4                AnalogInputPin::InitADCs()
 .text._Z15PIT0_IRQHandlerv
                0x000000000001175c       0x28 Libraries/FEHIO.o
                0x000000000001175c                PIT0_IRQHandler()
 .text._ZN13AnalogEncoder4InitEv
                0x0000000000011784       0x44 Libraries/FEHIO.o
                0x0000000000011784                AnalogEncoder::Init()
 .text._ZN13AnalogEncoder14SetCounterInitEj
                0x00000000000117c8       0x20 Libraries/FEHIO.o
                0x00000000000117c8                AnalogEncoder::SetCounterInit(unsigned int)
 .text._ZN13AnalogEncoder10ProcessIntEv
                0x00000000000117e8       0x68 Libraries/FEHIO.o
                0x00000000000117e8                AnalogEncoder::ProcessInt()
 .text._ZN13AnalogEncoder14ProcessIntSelfEv
                0x0000000000011850       0x6e Libraries/FEHIO.o
                0x0000000000011850                AnalogEncoder::ProcessIntSelf()
 .text._Z7ADC_CalPV10ADC_MemMap
                0x00000000000118be      0x13e Drivers/adc16.o
                0x00000000000118be                ADC_Cal(ADC_MemMap volatile*)
 .text._Z14ADC_Config_AltPV10ADC_MemMapP7adc_cfg
                0x00000000000119fc       0x6c Drivers/adc16.o
                0x00000000000119fc                ADC_Config_Alt(ADC_MemMap volatile*, adc_cfg*)
 .text._ZN9FEHBuzzerC2Ev
                0x0000000000011a68       0x14 Libraries/FEHBuzzer.o
                0x0000000000011a68                FEHBuzzer::FEHBuzzer()
                0x0000000000011a68                FEHBuzzer::FEHBuzzer()
 .text._Z41__static_initialization_and_destruction_0ii
                0x0000000000011a7c       0x2c Libraries/FEHBuzzer.o
 .text._GLOBAL__sub_I_Buzzer
                0x0000000000011aa8       0x10 Libraries/FEHBuzzer.o
 .text._ZN6FEHLCD11_InitializeEv
                0x0000000000011ab8      0x410 Libraries/FEHLCD.o
                0x0000000000011ab8                FEHLCD::_Initialize()
 .text._ZN6FEHLCDC2Ev
                0x0000000000011ec8       0x50 Libraries/FEHLCD.o
                0x0000000000011ec8                FEHLCD::FEHLCD()
                0x0000000000011ec8                FEHLCD::FEHLCD()
 .text._ZN6FEHLCD10InitializeEv
                0x0000000000011f18       0x28 Libraries/FEHLCD.o
                0x0000000000011f18                FEHLCD::Initialize()
 .text._ZN6FEHLCD10PrintImageEii
                0x0000000000011f40       0xbc Libraries/FEHLCD.o
                0x0000000000011f40                FEHLCD::PrintImage(int, int)
 .text._ZN6FEHLCD9PrintLogoEii
                0x0000000000011ffc       0xbc Libraries/FEHLCD.o
                0x0000000000011ffc                FEHLCD::PrintLogo(int, int)
 .text._ZN6FEHLCD22ConvertFEHColorTo24BitENS_11FEHLCDColorE
                0x00000000000120b8       0x78 Libraries/FEHLCD.o
                0x00000000000120b8                FEHLCD::ConvertFEHColorTo24Bit(FEHLCD::FEHLCDColor)
 .text._ZN6FEHLCD24Convert24BitColorTo16BitEj
                0x0000000000012130       0x30 Libraries/FEHLCD.o
                0x0000000000012130                FEHLCD::Convert24BitColorTo16Bit(unsigned int)
 .text._ZN6FEHLCD22ConvertRGBColorTo16BitEhhh
                0x0000000000012160       0x4a Libraries/FEHLCD.o
                0x0000000000012160                FEHLCD::ConvertRGBColorTo16Bit(unsigned char, unsigned char, unsigned char)
 .text._ZN6FEHLCD5ClearENS_11FEHLCDColorE
                0x00000000000121aa       0x28 Libraries/FEHLCD.o
                0x00000000000121aa                FEHLCD::Clear(FEHLCD::FEHLCDColor)
 .text._ZN6FEHLCD5ClearEj
                0x00000000000121d2       0x2c Libraries/FEHLCD.o
                0x00000000000121d2                FEHLCD::Clear(unsigned int)
 .text._ZN6FEHLCD5ClearEv
                0x00000000000121fe       0x16 Libraries/FEHLCD.o
                0x00000000000121fe                FEHLCD::Clear()
 .text._ZN6FEHLCD18SetBackgroundColorENS_11FEHLCDColorE
                0x0000000000012214       0x28 Libraries/FEHLCD.o
                0x0000000000012214                FEHLCD::SetBackgroundColor(FEHLCD::FEHLCDColor)
 .text._ZN6FEHLCD18SetBackgroundColorEj
                0x000000000001223c       0x26 Libraries/FEHLCD.o
                0x000000000001223c                FEHLCD::SetBackgroundColor(unsigned int)
 .text._ZN6FEHLCD12SetFontColorENS_11FEHLCDColorE
                0x0000000000012262       0x28 Libraries/FEHLCD.o
                0x0000000000012262                FEHLCD::SetFontColor(FEHLCD::FEHLCDColor)
 .text._ZN6FEHLCD12SetFontColorEj
                0x000000000001228a       0x26 Libraries/FEHLCD.o
                0x000000000001228a                FEHLCD::SetFontColor(unsigned int)
 .text._ZN6FEHLCD7WriteAtEPKcii
                0x00000000000122b0       0x46 Libraries/FEHLCD.o
                0x00000000000122b0                FEHLCD::WriteAt(char const*, int, int)
 .text._ZN6FEHLCD11TS_SPI_InitEv
                0x00000000000122f6       0x7c Libraries/FEHLCD.o
                0x00000000000122f6                FEHLCD::TS_SPI_Init()
 *fill*         0x0000000000012372        0x6 
 .text._ZN6FEHLCD5TouchEPfS0_
                0x0000000000012378      0x1fc Libraries/FEHLCD.o
                0x0000000000012378                FEHLCD::Touch(float*, float*)
 .text._ZN6FEHLCD3absEi
                0x0000000000012574       0x22 Libraries/FEHLCD.o
                0x0000000000012574                FEHLCD::abs(int)
 .text._ZN6FEHLCD5WriteEPKc
                0x0000000000012596       0x4e Libraries/FEHLCD.o
                0x0000000000012596                FEHLCD::Write(char const*)
 .text._ZN6FEHLCD5WriteEi
                0x00000000000125e4       0x30 Libraries/FEHLCD.o
                0x00000000000125e4                FEHLCD::Write(int)
 .text._ZN6FEHLCD5WriteEc
                0x0000000000012614       0x30 Libraries/FEHLCD.o
                0x0000000000012614                FEHLCD::Write(char)
 .text._ZN6FEHLCD9WriteLineEPKc
                0x0000000000012644       0x26 Libraries/FEHLCD.o
                0x0000000000012644                FEHLCD::WriteLine(char const*)
 .text._ZN6FEHLCD9WriteLineEc
                0x000000000001266a       0x2a Libraries/FEHLCD.o
                0x000000000001266a                FEHLCD::WriteLine(char)
 .text._ZN6FEHLCD10WriteIndexEh
                0x0000000000012694      0x14c Libraries/FEHLCD.o
                0x0000000000012694                FEHLCD::WriteIndex(unsigned char)
 .text._ZN6FEHLCD14WriteParameterEh
                0x00000000000127e0      0x130 Libraries/FEHLCD.o
                0x00000000000127e0                FEHLCD::WriteParameter(unsigned char)
 .text._ZN6FEHLCD6_ClearEv
                0x0000000000012910      0x15c Libraries/FEHLCD.o
                0x0000000000012910                FEHLCD::_Clear()
 .text._ZN6FEHLCD8NextLineEv
                0x0000000000012a6c       0x2a Libraries/FEHLCD.o
                0x0000000000012a6c                FEHLCD::NextLine()
 .text._ZN6FEHLCD9CheckLineEv
                0x0000000000012a96       0x28 Libraries/FEHLCD.o
                0x0000000000012a96                FEHLCD::CheckLine()
 .text._ZN6FEHLCD8NextCharEv
                0x0000000000012abe       0x32 Libraries/FEHLCD.o
                0x0000000000012abe                FEHLCD::NextChar()
 .text._ZN6FEHLCD9DrawPixelEii
                0x0000000000012af0       0x2a Libraries/FEHLCD.o
                0x0000000000012af0                FEHLCD::DrawPixel(int, int)
 .text._Z4SwapRiS_
                0x0000000000012b1a       0x28 Libraries/FEHLCD.o
                0x0000000000012b1a                Swap(int&, int&)
 .text._ZN6FEHLCD13DrawRectangleEiiii
                0x0000000000012b42       0x7c Libraries/FEHLCD.o
                0x0000000000012b42                FEHLCD::DrawRectangle(int, int, int, int)
 .text._ZN6FEHLCD13SetDrawRegionEiiii
                0x0000000000012bbe       0xfe Libraries/FEHLCD.o
                0x0000000000012bbe                FEHLCD::SetDrawRegion(int, int, int, int)
 .text._ZN6FEHLCD8DrawLineEiiii
                0x0000000000012cbc      0x14c Libraries/FEHLCD.o
                0x0000000000012cbc                FEHLCD::DrawLine(int, int, int, int)
 .text._ZN6FEHLCD9WriteCharEiic
                0x0000000000012e08       0x34 Libraries/FEHLCD.o
                0x0000000000012e08                FEHLCD::WriteChar(int, int, char)
 .text._ZN6FEHLCD11WriteCharAtEiic
                0x0000000000012e3c      0x214 Libraries/FEHLCD.o
                0x0000000000012e3c                FEHLCD::WriteCharAt(int, int, char)
 .text._ZN6FEHLCD11RepeatColorEv
                0x0000000000013050       0x70 Libraries/FEHLCD.o
                0x0000000000013050                FEHLCD::RepeatColor()
 .text._ZN6FEHLCD10_ForePixelEv
                0x00000000000130c0       0xc4 Libraries/FEHLCD.o
                0x00000000000130c0                FEHLCD::_ForePixel()
 .text._ZN6FEHLCD10_BackPixelEv
                0x0000000000013184       0xc4 Libraries/FEHLCD.o
                0x0000000000013184                FEHLCD::_BackPixel()
 .text._ZN6FEHLCD22SetRegisterColorValuesEv
                0x0000000000013248      0x336 Libraries/FEHLCD.o
                0x0000000000013248                FEHLCD::SetRegisterColorValues()
 .text._ZN7FEHIcon4IconC2Ev
                0x000000000001357e       0x14 Libraries/FEHLCD.o
                0x000000000001357e                FEHIcon::Icon::Icon()
                0x000000000001357e                FEHIcon::Icon::Icon()
 .text._ZN7FEHIcon4Icon13SetPropertiesEPciiiijj
                0x0000000000013592       0x6a Libraries/FEHLCD.o
                0x0000000000013592                FEHIcon::Icon::SetProperties(char*, int, int, int, int, unsigned int, unsigned int)
 .text._ZN7FEHIcon4Icon4DrawEv
                0x00000000000135fc       0x90 Libraries/FEHLCD.o
                0x00000000000135fc                FEHIcon::Icon::Draw()
 .text._ZN7FEHIcon4Icon6SelectEv
                0x000000000001368c       0x90 Libraries/FEHLCD.o
                0x000000000001368c                FEHIcon::Icon::Select()
 .text._ZN7FEHIcon4Icon8DeselectEv
                0x000000000001371c       0x8c Libraries/FEHLCD.o
                0x000000000001371c                FEHIcon::Icon::Deselect()
 .text._ZN7FEHIcon4Icon7PressedEffi
                0x00000000000137a8      0x13c Libraries/FEHLCD.o
                0x00000000000137a8                FEHIcon::Icon::Pressed(float, float, int)
 .text._ZN7FEHIcon4Icon12WhilePressedEff
                0x00000000000138e4       0x50 Libraries/FEHLCD.o
                0x00000000000138e4                FEHIcon::Icon::WhilePressed(float, float)
 .text._ZN7FEHIcon13DrawIconArrayEPNS_4IconEiiiiiiPA20_cjj
                0x0000000000013934      0x168 Libraries/FEHLCD.o
                0x0000000000013934                FEHIcon::DrawIconArray(FEHIcon::Icon*, int, int, int, int, int, int, char (*) [20], unsigned int, unsigned int)
 .text._Z41__static_initialization_and_destruction_0ii
                0x0000000000013a9c       0x2c Libraries/FEHLCD.o
 .text._GLOBAL__sub_I_image
                0x0000000000013ac8       0x10 Libraries/FEHLCD.o
 .text._ZN8FEHAccelC2Ev
                0x0000000000013ad8       0x70 Libraries/FEHAccel.o
                0x0000000000013ad8                FEHAccel::FEHAccel()
                0x0000000000013ad8                FEHAccel::FEHAccel()
 .text._Z41__static_initialization_and_destruction_0ii
                0x0000000000013b48       0x2c Libraries/FEHAccel.o
 .text._GLOBAL__sub_I_Accel
                0x0000000000013b74       0x10 Libraries/FEHAccel.o
 .text._ZN10FEHBatteryC2EN5FEHIO8FEHIOPinE
                0x0000000000013b84       0x22 Libraries/FEHBattery.o
                0x0000000000013b84                FEHBattery::FEHBattery(FEHIO::FEHIOPin)
                0x0000000000013b84                FEHBattery::FEHBattery(FEHIO::FEHIOPin)
 *fill*         0x0000000000013ba6        0x2 
 .text._Z41__static_initialization_and_destruction_0ii
                0x0000000000013ba8       0x30 Libraries/FEHBattery.o
 .text._GLOBAL__sub_I_Battery
                0x0000000000013bd8       0x10 Libraries/FEHBattery.o
 .text._ZN7FEHXBeeC2Ev
                0x0000000000013be8       0x1a Drivers/FEHXBee.o
                0x0000000000013be8                FEHXBee::FEHXBee()
                0x0000000000013be8                FEHXBee::FEHXBee()
 *fill*         0x0000000000013c02        0x2 
 .text._ZN7FEHXBee10InitializeEv
                0x0000000000013c04       0xdc Drivers/FEHXBee.o
                0x0000000000013c04                FEHXBee::Initialize()
 .text._ZN7FEHXBee13IsInitializedEv
                0x0000000000013ce0       0x16 Drivers/FEHXBee.o
                0x0000000000013ce0                FEHXBee::IsInitialized()
 *fill*         0x0000000000013cf6        0x2 
 .text._ZN7FEHXBee17ReceiveDataSearchEPcjh
                0x0000000000013cf8       0x8c Drivers/FEHXBee.o
                0x0000000000013cf8                FEHXBee::ReceiveDataSearch(char*, unsigned int, unsigned char)
 .text._ZN7FEHXBee8SendDataEPcj
                0x0000000000013d84       0x40 Drivers/FEHXBee.o
                0x0000000000013d84                FEHXBee::SendData(char*, unsigned int)
 .text._ZN7FEHXBee17SetPacketCallBackEPFvPhhE
                0x0000000000013dc4       0x20 Drivers/FEHXBee.o
                0x0000000000013dc4                FEHXBee::SetPacketCallBack(void (*)(unsigned char*, unsigned char))
 .text._Z22UART0_RX_TX_IRQHandlerv
                0x0000000000013de4       0xec Drivers/FEHXBee.o
                0x0000000000013de4                UART0_RX_TX_IRQHandler()
 .text._ZN6FEHRPSC2Ev
                0x0000000000013ed0       0x74 Libraries/FEHRPS.o
                0x0000000000013ed0                FEHRPS::FEHRPS()
                0x0000000000013ed0                FEHRPS::FEHRPS()
 .text._ZN6FEHRPS10InitializeEi
                0x0000000000013f44      0x664 Libraries/FEHRPS.o
                0x0000000000013f44                FEHRPS::Initialize(int)
 .text._ZN6FEHRPS10InitializeEc
                0x00000000000145a8       0x46 Libraries/FEHRPS.o
                0x00000000000145a8                FEHRPS::Initialize(char)
 *fill*         0x00000000000145ee        0x2 
 .text._ZN6FEHRPS19InitializeTouchMenuEv
                0x00000000000145f0      0x41c Libraries/FEHRPS.o
                0x00000000000145f0                FEHRPS::InitializeTouchMenu()
 .text._ZN6FEHRPS19CurrentRegionLetterEv
                0x0000000000014a0c       0x1c Libraries/FEHRPS.o
                0x0000000000014a0c                FEHRPS::CurrentRegionLetter()
 .text._ZN6FEHRPS13WaitForPacketEv
                0x0000000000014a28       0x58 Libraries/FEHRPS.o
                0x0000000000014a28                FEHRPS::WaitForPacket()
 .text._ZN6FEHRPS1XEv
                0x0000000000014a80       0x1c Libraries/FEHRPS.o
                0x0000000000014a80                FEHRPS::X()
 .text._ZN6FEHRPS1YEv
                0x0000000000014a9c       0x1c Libraries/FEHRPS.o
                0x0000000000014a9c                FEHRPS::Y()
 .text._ZN6FEHRPS7HeadingEv
                0x0000000000014ab8       0x1c Libraries/FEHRPS.o
                0x0000000000014ab8                FEHRPS::Heading()
 .text._Z14RPSDataProcessPhh
                0x0000000000014ad4      0x148 Libraries/FEHRPS.o
                0x0000000000014ad4                RPSDataProcess(unsigned char*, unsigned char)
 .text._Z41__static_initialization_and_destruction_0ii
                0x0000000000014c1c       0x2c Libraries/FEHRPS.o
 .text._GLOBAL__sub_I_RPS
                0x0000000000014c48       0x10 Libraries/FEHRPS.o
 .text._ZN7FEHFileC2Ev
                0x0000000000014c58       0x2c Libraries/FEHSD.o
                0x0000000000014c58                FEHFile::FEHFile()
                0x0000000000014c58                FEHFile::FEHFile()
 .text._ZN5FEHSDC2Ev
                0x0000000000014c84       0x24 Libraries/FEHSD.o
                0x0000000000014c84                FEHSD::FEHSD()
                0x0000000000014c84                FEHSD::FEHSD()
 .text._ZN5FEHSD5FOpenEPKcS1_
                0x0000000000014ca8      0x198 Libraries/FEHSD.o
                0x0000000000014ca8                FEHSD::FOpen(char const*, char const*)
 .text._ZN5FEHSD6FCloseEP7FEHFile
                0x0000000000014e40       0xb4 Libraries/FEHSD.o
                0x0000000000014e40                FEHSD::FClose(FEHFile*)
 .text._ZN5FEHSD9FCloseAllEv
                0x0000000000014ef4       0x6c Libraries/FEHSD.o
                0x0000000000014ef4                FEHSD::FCloseAll()
 .text._ZN5FEHSD6FScanfEP7FEHFilePKcz
                0x0000000000014f60       0xd4 Libraries/FEHSD.o
                0x0000000000014f60                FEHSD::FScanf(FEHFile*, char const*, ...)
 .text._ZN5FEHSD10InitializeEv
                0x0000000000015034       0xe0 Libraries/FEHSD.o
                0x0000000000015034                FEHSD::Initialize()
 .text._Z41__static_initialization_and_destruction_0ii
                0x0000000000015114       0x2c Libraries/FEHSD.o
 .text._GLOBAL__sub_I_SD
                0x0000000000015140       0x10 Libraries/FEHSD.o
 .text._ZN9FEHRandom10InitializeEv
                0x0000000000015150       0x3c Libraries/FEHRandom.o
                0x0000000000015150                FEHRandom::Initialize()
 .text._ZdlPvj  0x000000000001518c        0x4 /Applications/FEH_ARM/bin/../lib/gcc/arm-none-eabi/10.3.1/../../../../arm-none-eabi/lib/thumb/v7e-m/nofp/libstdc++.a(del_ops.o)
                0x000000000001518c                operator delete(void*, unsigned int)
 .text._Znwj    0x0000000000015190       0x3c /Applications/FEH_ARM/bin/../lib/gcc/arm-none-eabi/10.3.1/../../../../arm-none-eabi/lib/thumb/v7e-m/nofp/libstdc++.a(new_op.o)
                0x0000000000015190                operator new(unsigned int)
 .text._ZNKSt9bad_alloc4whatEv
                0x00000000000151cc        0x8 /Applications/FEH_ARM/bin/../lib/gcc/arm-none-eabi/10.3.1/../../../../arm-none-eabi/lib/thumb/v7e-m/nofp/libstdc++.a(bad_alloc.o)
                0x00000000000151cc                std::bad_alloc::what() const
 .text._ZNSt9bad_allocD2Ev
                0x00000000000151d4       0x14 /Applications/FEH_ARM/bin/../lib/gcc/arm-none-eabi/10.3.1/../../../../arm-none-eabi/lib/thumb/v7e-m/nofp/libstdc++.a(bad_alloc.o)
                0x00000000000151d4                std::bad_alloc::~bad_alloc()
                0x00000000000151d4                std::bad_alloc::~bad_alloc()
 .text._ZNSt9bad_allocD0Ev
                0x00000000000151e8       0x1c /Applications/FEH_ARM/bin/../lib/gcc/arm-none-eabi/10.3.1/../../../../arm-none-eabi/lib/thumb/v7e-m/nofp/libstdc++.a(bad_alloc.o)
                0x00000000000151e8                std::bad_alloc::~bad_alloc()
 .text._ZdlPv   0x0000000000015204        0x4 /Applications/FEH_ARM/bin/../lib/gcc/arm-none-eabi/10.3.1/../../../../arm-none-eabi/lib/thumb/v7e-m/nofp/libstdc++.a(del_op.o)
                0x0000000000015204                operator delete(void*)
 .text._ZN12_GLOBAL__N_14pool4freeEPv.constprop.0
                0x0000000000015208       0x88 /Applications/FEH_ARM/bin/../lib/gcc/arm-none-eabi/10.3.1/../../../../arm-none-eabi/lib/thumb/v7e-m/nofp/libstdc++.a(eh_alloc.o)
 .text._ZN12_GLOBAL__N_14pool8allocateEj.constprop.0
                0x0000000000015290       0x5c /Applications/FEH_ARM/bin/../lib/gcc/arm-none-eabi/10.3.1/../../../../arm-none-eabi/lib/thumb/v7e-m/nofp/libstdc++.a(eh_alloc.o)
 .text.__cxa_allocate_exception
                0x00000000000152ec       0x30 /Applications/FEH_ARM/bin/../lib/gcc/arm-none-eabi/10.3.1/../../../../arm-none-eabi/lib/thumb/v7e-m/nofp/libstdc++.a(eh_alloc.o)
                0x00000000000152ec                __cxa_allocate_exception
 .text.__cxa_free_exception
                0x000000000001531c       0x20 /Applications/FEH_ARM/bin/../lib/gcc/arm-none-eabi/10.3.1/../../../../arm-none-eabi/lib/thumb/v7e-m/nofp/libstdc++.a(eh_alloc.o)
                0x000000000001531c                __cxa_free_exception
 .text.startup._GLOBAL__sub_I__ZN9__gnu_cxx9__freeresEv
                0x000000000001533c       0x28 /Applications/FEH_ARM/bin/../lib/gcc/arm-none-eabi/10.3.1/../../../../arm-none-eabi/lib/thumb/v7e-m/nofp/libstdc++.a(eh_alloc.o)
 .text._ZNSt9exceptionD2Ev
                0x0000000000015364        0x4 /Applications/FEH_ARM/bin/../lib/gcc/arm-none-eabi/10.3.1/../../../../arm-none-eabi/lib/thumb/v7e-m/nofp/libstdc++.a(eh_exception.o)
                0x0000000000015364                std::exception::~exception()
                0x0000000000015364                std::exception::~exception()
 .text._ZNSt13bad_exceptionD2Ev
                0x0000000000015368        0x4 /Applications/FEH_ARM/bin/../lib/gcc/arm-none-eabi/10.3.1/../../../../arm-none-eabi/lib/thumb/v7e-m/nofp/libstdc++.a(eh_exception.o)
                0x0000000000015368                std::bad_exception::~bad_exception()
                0x0000000000015368                std::bad_exception::~bad_exception()
 .text._ZNKSt13bad_exception4whatEv
                0x000000000001536c        0x8 /Applications/FEH_ARM/bin/../lib/gcc/arm-none-eabi/10.3.1/../../../../arm-none-eabi/lib/thumb/v7e-m/nofp/libstdc++.a(eh_exception.o)
                0x000000000001536c                transaction clone for std::bad_exception::what() const
                0x000000000001536c                std::bad_exception::what() const
 .text._ZNSt13bad_exceptionD0Ev
                0x0000000000015374       0x10 /Applications/FEH_ARM/bin/../lib/gcc/arm-none-eabi/10.3.1/../../../../arm-none-eabi/lib/thumb/v7e-m/nofp/libstdc++.a(eh_exception.o)
                0x0000000000015374                std::bad_exception::~bad_exception()
 .text._ZN10__cxxabiv111__terminateEPFvvE
                0x0000000000015384       0x28 /Applications/FEH_ARM/bin/../lib/gcc/arm-none-eabi/10.3.1/../../../../arm-none-eabi/lib/thumb/v7e-m/nofp/libstdc++.a(eh_terminate.o)
                0x0000000000015384                __cxxabiv1::__terminate(void (*)())
 .text._ZSt9terminatev
                0x00000000000153ac       0x14 /Applications/FEH_ARM/bin/../lib/gcc/arm-none-eabi/10.3.1/../../../../arm-none-eabi/lib/thumb/v7e-m/nofp/libstdc++.a(eh_terminate.o)
                0x00000000000153ac                std::terminate()
 .text._ZN10__cxxabiv112__unexpectedEPFvvE
                0x00000000000153c0        0x8 /Applications/FEH_ARM/bin/../lib/gcc/arm-none-eabi/10.3.1/../../../../arm-none-eabi/lib/thumb/v7e-m/nofp/libstdc++.a(eh_terminate.o)
                0x00000000000153c0                __cxxabiv1::__unexpected(void (*)())
 .text._ZSt10unexpectedv
                0x00000000000153c8       0x14 /Applications/FEH_ARM/bin/../lib/gcc/arm-none-eabi/10.3.1/../../../../arm-none-eabi/lib/thumb/v7e-m/nofp/libstdc++.a(eh_terminate.o)
                0x00000000000153c8                std::unexpected()
 .text._ZSt13get_terminatev
                0x00000000000153dc       0x10 /Applications/FEH_ARM/bin/../lib/gcc/arm-none-eabi/10.3.1/../../../../arm-none-eabi/lib/thumb/v7e-m/nofp/libstdc++.a(eh_terminate.o)
                0x00000000000153dc                std::get_terminate()
 .text._ZSt14get_unexpectedv
                0x00000000000153ec       0x10 /Applications/FEH_ARM/bin/../lib/gcc/arm-none-eabi/10.3.1/../../../../arm-none-eabi/lib/thumb/v7e-m/nofp/libstdc++.a(eh_terminate.o)
                0x00000000000153ec                std::get_unexpected()
 .text._ZL23__gxx_exception_cleanup19_Unwind_Reason_CodeP21_Unwind_Control_Block
                0x00000000000153fc       0x44 /Applications/FEH_ARM/bin/../lib/gcc/arm-none-eabi/10.3.1/../../../../arm-none-eabi/lib/thumb/v7e-m/nofp/libstdc++.a(eh_throw.o)
 .text.__cxa_init_primary_exception
                0x0000000000015440       0x58 /Applications/FEH_ARM/bin/../lib/gcc/arm-none-eabi/10.3.1/../../../../arm-none-eabi/lib/thumb/v7e-m/nofp/libstdc++.a(eh_throw.o)
                0x0000000000015440                __cxa_init_primary_exception
 .text.__cxa_throw
                0x0000000000015498       0x34 /Applications/FEH_ARM/bin/../lib/gcc/arm-none-eabi/10.3.1/../../../../arm-none-eabi/lib/thumb/v7e-m/nofp/libstdc++.a(eh_throw.o)
                0x0000000000015498                __cxa_throw
 .text.__cxa_rethrow
                0x00000000000154cc       0x70 /Applications/FEH_ARM/bin/../lib/gcc/arm-none-eabi/10.3.1/../../../../arm-none-eabi/lib/thumb/v7e-m/nofp/libstdc++.a(eh_throw.o)
                0x00000000000154cc                __cxa_rethrow
 .text._ZSt15get_new_handlerv
                0x000000000001553c       0x10 /Applications/FEH_ARM/bin/../lib/gcc/arm-none-eabi/10.3.1/../../../../arm-none-eabi/lib/thumb/v7e-m/nofp/libstdc++.a(new_handler.o)
                0x000000000001553c                std::get_new_handler()
 .text._ZN10__cxxabiv120__si_class_type_infoD2Ev
                0x000000000001554c       0x14 /Applications/FEH_ARM/bin/../lib/gcc/arm-none-eabi/10.3.1/../../../../arm-none-eabi/lib/thumb/v7e-m/nofp/libstdc++.a(si_class_type_info.o)
                0x000000000001554c                __cxxabiv1::__si_class_type_info::~__si_class_type_info()
                0x000000000001554c                __cxxabiv1::__si_class_type_info::~__si_class_type_info()
 .text._ZN10__cxxabiv120__si_class_type_infoD0Ev
                0x0000000000015560       0x1c /Applications/FEH_ARM/bin/../lib/gcc/arm-none-eabi/10.3.1/../../../../arm-none-eabi/lib/thumb/v7e-m/nofp/libstdc++.a(si_class_type_info.o)
                0x0000000000015560                __cxxabiv1::__si_class_type_info::~__si_class_type_info()
 .text._ZNK10__cxxabiv120__si_class_type_info20__do_find_public_srcEiPKvPKNS_17__class_type_infoES2_
                0x000000000001557c       0x3c /Applications/FEH_ARM/bin/../lib/gcc/arm-none-eabi/10.3.1/../../../../arm-none-eabi/lib/thumb/v7e-m/nofp/libstdc++.a(si_class_type_info.o)
                0x000000000001557c                __cxxabiv1::__si_class_type_info::__do_find_public_src(int, void const*, __cxxabiv1::__class_type_info const*, void const*) const
 .text._ZNK10__cxxabiv120__si_class_type_info12__do_dyncastEiNS_17__class_type_info10__sub_kindEPKS1_PKvS4_S6_RNS1_16__dyncast_resultE
                0x00000000000155b8       0x84 /Applications/FEH_ARM/bin/../lib/gcc/arm-none-eabi/10.3.1/../../../../arm-none-eabi/lib/thumb/v7e-m/nofp/libstdc++.a(si_class_type_info.o)
                0x00000000000155b8                __cxxabiv1::__si_class_type_info::__do_dyncast(int, __cxxabiv1::__class_type_info::__sub_kind, __cxxabiv1::__class_type_info const*, void const*, __cxxabiv1::__class_type_info const*, void const*, __cxxabiv1::__class_type_info::__dyncast_result&) const
 .text._ZNK10__cxxabiv120__si_class_type_info11__do_upcastEPKNS_17__class_type_infoEPKvRNS1_15__upcast_resultE
                0x000000000001563c       0x2c /Applications/FEH_ARM/bin/../lib/gcc/arm-none-eabi/10.3.1/../../../../arm-none-eabi/lib/thumb/v7e-m/nofp/libstdc++.a(si_class_type_info.o)
                0x000000000001563c                __cxxabiv1::__si_class_type_info::__do_upcast(__cxxabiv1::__class_type_info const*, void const*, __cxxabiv1::__class_type_info::__upcast_result&) const
 .text._ZNSt9type_infoD2Ev
                0x0000000000015668        0x4 /Applications/FEH_ARM/bin/../lib/gcc/arm-none-eabi/10.3.1/../../../../arm-none-eabi/lib/thumb/v7e-m/nofp/libstdc++.a(tinfo.o)
                0x0000000000015668                std::type_info::~type_info()
                0x0000000000015668                std::type_info::~type_info()
 .text._ZNKSt9type_info14__is_pointer_pEv
                0x000000000001566c        0x4 /Applications/FEH_ARM/bin/../lib/gcc/arm-none-eabi/10.3.1/../../../../arm-none-eabi/lib/thumb/v7e-m/nofp/libstdc++.a(tinfo.o)
                0x000000000001566c                std::type_info::__is_function_p() const
                0x000000000001566c                std::type_info::__is_pointer_p() const
 .text._ZNKSt9type_infoeqERKS_
                0x0000000000015670       0x2c /Applications/FEH_ARM/bin/../lib/gcc/arm-none-eabi/10.3.1/../../../../arm-none-eabi/lib/thumb/v7e-m/nofp/libstdc++.a(tinfo.o)
                0x0000000000015670                std::type_info::operator==(std::type_info const&) const
 .text._ZN9__gnu_cxx27__verbose_terminate_handlerEv
                0x000000000001569c      0x10c /Applications/FEH_ARM/bin/../lib/gcc/arm-none-eabi/10.3.1/../../../../arm-none-eabi/lib/thumb/v7e-m/nofp/libstdc++.a(vterminate.o)
                0x000000000001569c                __gnu_cxx::__verbose_terminate_handler()
 .text._ZNK10__cxxabiv117__class_type_info11__do_upcastEPKS0_PPv
                0x00000000000157a8       0x34 /Applications/FEH_ARM/bin/../lib/gcc/arm-none-eabi/10.3.1/../../../../arm-none-eabi/lib/thumb/v7e-m/nofp/libstdc++.a(class_type_info.o)
                0x00000000000157a8                __cxxabiv1::__class_type_info::__do_upcast(__cxxabiv1::__class_type_info const*, void**) const
 .text._ZNK10__cxxabiv117__class_type_info20__do_find_public_srcEiPKvPKS0_S2_
                0x00000000000157dc        0xc /Applications/FEH_ARM/bin/../lib/gcc/arm-none-eabi/10.3.1/../../../../arm-none-eabi/lib/thumb/v7e-m/nofp/libstdc++.a(class_type_info.o)
                0x00000000000157dc                __cxxabiv1::__class_type_info::__do_find_public_src(int, void const*, __cxxabiv1::__class_type_info const*, void const*) const
 .text._ZN10__cxxabiv117__class_type_infoD2Ev
                0x00000000000157e8       0x14 /Applications/FEH_ARM/bin/../lib/gcc/arm-none-eabi/10.3.1/../../../../arm-none-eabi/lib/thumb/v7e-m/nofp/libstdc++.a(class_type_info.o)
                0x00000000000157e8                __cxxabiv1::__class_type_info::~__class_type_info()
                0x00000000000157e8                __cxxabiv1::__class_type_info::~__class_type_info()
 .text._ZN10__cxxabiv117__class_type_infoD0Ev
                0x00000000000157fc       0x1c /Applications/FEH_ARM/bin/../lib/gcc/arm-none-eabi/10.3.1/../../../../arm-none-eabi/lib/thumb/v7e-m/nofp/libstdc++.a(class_type_info.o)
                0x00000000000157fc                __cxxabiv1::__class_type_info::~__class_type_info()
 .text._ZNK10__cxxabiv117__class_type_info12__do_dyncastEiNS0_10__sub_kindEPKS0_PKvS3_S5_RNS0_16__dyncast_resultE
                0x0000000000015818       0x44 /Applications/FEH_ARM/bin/../lib/gcc/arm-none-eabi/10.3.1/../../../../arm-none-eabi/lib/thumb/v7e-m/nofp/libstdc++.a(class_type_info.o)
                0x0000000000015818                __cxxabiv1::__class_type_info::__do_dyncast(int, __cxxabiv1::__class_type_info::__sub_kind, __cxxabiv1::__class_type_info const*, void const*, __cxxabiv1::__class_type_info const*, void const*, __cxxabiv1::__class_type_info::__dyncast_result&) const
 .text._ZNK10__cxxabiv117__class_type_info11__do_upcastEPKS0_PKvRNS0_15__upcast_resultE
                0x000000000001585c       0x1c /Applications/FEH_ARM/bin/../lib/gcc/arm-none-eabi/10.3.1/../../../../arm-none-eabi/lib/thumb/v7e-m/nofp/libstdc++.a(class_type_info.o)
                0x000000000001585c                __cxxabiv1::__class_type_info::__do_upcast(__cxxabiv1::__class_type_info const*, void const*, __cxxabiv1::__class_type_info::__upcast_result&) const
 .text._ZNK10__cxxabiv117__class_type_info10__do_catchEPKSt9type_infoPPvj
                0x0000000000015878       0x2c /Applications/FEH_ARM/bin/../lib/gcc/arm-none-eabi/10.3.1/../../../../arm-none-eabi/lib/thumb/v7e-m/nofp/libstdc++.a(class_type_info.o)
                0x0000000000015878                __cxxabiv1::__class_type_info::__do_catch(std::type_info const*, void**, unsigned int) const
 .text          0x00000000000158a4     0x5fa4 /Applications/FEH_ARM/bin/../lib/gcc/arm-none-eabi/10.3.1/../../../../arm-none-eabi/lib/thumb/v7e-m/nofp/libstdc++.a(cp-demangle.o)
                0x000000000001b760                __cxa_demangle
                0x000000000001b824                __gcclibcxx_demangle_callback
 .text.__cxa_end_cleanup
                0x000000000001b848        0xc /Applications/FEH_ARM/bin/../lib/gcc/arm-none-eabi/10.3.1/../../../../arm-none-eabi/lib/thumb/v7e-m/nofp/libstdc++.a(eh_arm.o)
                0x000000000001b848                __cxa_end_cleanup
 .text.__cxa_type_match
                0x000000000001b854       0xb4 /Applications/FEH_ARM/bin/../lib/gcc/arm-none-eabi/10.3.1/../../../../arm-none-eabi/lib/thumb/v7e-m/nofp/libstdc++.a(eh_arm.o)
                0x000000000001b854                __cxa_type_match
 .text.__cxa_begin_cleanup
                0x000000000001b908       0x64 /Applications/FEH_ARM/bin/../lib/gcc/arm-none-eabi/10.3.1/../../../../arm-none-eabi/lib/thumb/v7e-m/nofp/libstdc++.a(eh_arm.o)
                0x000000000001b908                __cxa_begin_cleanup
 .text.__gnu_end_cleanup
                0x000000000001b96c       0x70 /Applications/FEH_ARM/bin/../lib/gcc/arm-none-eabi/10.3.1/../../../../arm-none-eabi/lib/thumb/v7e-m/nofp/libstdc++.a(eh_arm.o)
                0x000000000001b96c                __gnu_end_cleanup
 .text._ZN10__cxxabiv1L24__is_gxx_exception_classEPc
                0x000000000001b9dc       0x3c /Applications/FEH_ARM/bin/../lib/gcc/arm-none-eabi/10.3.1/../../../../arm-none-eabi/lib/thumb/v7e-m/nofp/libstdc++.a(eh_call.o)
 .text.__cxa_call_terminate
                0x000000000001ba18       0x20 /Applications/FEH_ARM/bin/../lib/gcc/arm-none-eabi/10.3.1/../../../../arm-none-eabi/lib/thumb/v7e-m/nofp/libstdc++.a(eh_call.o)
                0x000000000001ba18                __cxa_call_terminate
 .text.unlikely.__cxa_call_unexpected
                0x000000000001ba38       0xe4 /Applications/FEH_ARM/bin/../lib/gcc/arm-none-eabi/10.3.1/../../../../arm-none-eabi/lib/thumb/v7e-m/nofp/libstdc++.a(eh_call.o)
                0x000000000001ba38                __cxa_call_unexpected
 .text.__cxa_begin_catch
                0x000000000001bb1c       0x7c /Applications/FEH_ARM/bin/../lib/gcc/arm-none-eabi/10.3.1/../../../../arm-none-eabi/lib/thumb/v7e-m/nofp/libstdc++.a(eh_catch.o)
                0x000000000001bb1c                __cxa_begin_catch
 .text.__cxa_end_catch
                0x000000000001bb98       0x8c /Applications/FEH_ARM/bin/../lib/gcc/arm-none-eabi/10.3.1/../../../../arm-none-eabi/lib/thumb/v7e-m/nofp/libstdc++.a(eh_catch.o)
                0x000000000001bb98                __cxa_end_catch
 .text.__cxa_get_globals_fast
                0x000000000001bc24        0x8 /Applications/FEH_ARM/bin/../lib/gcc/arm-none-eabi/10.3.1/../../../../arm-none-eabi/lib/thumb/v7e-m/nofp/libstdc++.a(eh_globals.o)
                0x000000000001bc24                __cxa_get_globals_fast
 .text.__cxa_get_globals
                0x000000000001bc2c        0x8 /Applications/FEH_ARM/bin/../lib/gcc/arm-none-eabi/10.3.1/../../../../arm-none-eabi/lib/thumb/v7e-m/nofp/libstdc++.a(eh_globals.o)
                0x000000000001bc2c                __cxa_get_globals
 .text._ZL28read_encoded_value_with_basehjPKhPj
                0x000000000001bc34       0xc0 /Applications/FEH_ARM/bin/../lib/gcc/arm-none-eabi/10.3.1/../../../../arm-none-eabi/lib/thumb/v7e-m/nofp/libstdc++.a(eh_personality.o)
 .text._ZL21base_of_encoded_valuehP15_Unwind_Context
                0x000000000001bcf4       0x48 /Applications/FEH_ARM/bin/../lib/gcc/arm-none-eabi/10.3.1/../../../../arm-none-eabi/lib/thumb/v7e-m/nofp/libstdc++.a(eh_personality.o)
 .text._ZL17parse_lsda_headerP15_Unwind_ContextPKhP16lsda_header_info
                0x000000000001bd3c       0x94 /Applications/FEH_ARM/bin/../lib/gcc/arm-none-eabi/10.3.1/../../../../arm-none-eabi/lib/thumb/v7e-m/nofp/libstdc++.a(eh_personality.o)
 .text.__gxx_personality_v0
                0x000000000001bdd0      0x4a8 /Applications/FEH_ARM/bin/../lib/gcc/arm-none-eabi/10.3.1/../../../../arm-none-eabi/lib/thumb/v7e-m/nofp/libstdc++.a(eh_personality.o)
                0x000000000001bdd0                __gxx_personality_v0
 .text.__cxa_current_exception_type
                0x000000000001c278       0x1c /Applications/FEH_ARM/bin/../lib/gcc/arm-none-eabi/10.3.1/../../../../arm-none-eabi/lib/thumb/v7e-m/nofp/libstdc++.a(eh_type.o)
                0x000000000001c278                __cxa_current_exception_type
 .text          0x000000000001c294      0x378 /Applications/FEH_ARM/bin/../lib/gcc/arm-none-eabi/10.3.1/thumb/v7e-m/nofp/libgcc.a(_arm_addsubdf3.o)
                0x000000000001c294                __aeabi_drsub
                0x000000000001c29c                __subdf3
                0x000000000001c29c                __aeabi_dsub
                0x000000000001c2a0                __aeabi_dadd
                0x000000000001c2a0                __adddf3
                0x000000000001c518                __aeabi_ui2d
                0x000000000001c518                __floatunsidf
                0x000000000001c538                __floatsidf
                0x000000000001c538                __aeabi_i2d
                0x000000000001c55c                __extendsfdf2
                0x000000000001c55c                __aeabi_f2d
                0x000000000001c5a0                __aeabi_ul2d
                0x000000000001c5a0                __floatundidf
                0x000000000001c5b0                __aeabi_l2d
                0x000000000001c5b0                __floatdidf
 .text          0x000000000001c60c      0x424 /Applications/FEH_ARM/bin/../lib/gcc/arm-none-eabi/10.3.1/thumb/v7e-m/nofp/libgcc.a(_arm_muldivdf3.o)
                0x000000000001c60c                __aeabi_dmul
                0x000000000001c60c                __muldf3
                0x000000000001c860                __aeabi_ddiv
                0x000000000001c860                __divdf3
 .text          0x000000000001ca30      0x110 /Applications/FEH_ARM/bin/../lib/gcc/arm-none-eabi/10.3.1/thumb/v7e-m/nofp/libgcc.a(_arm_cmpdf2.o)
                0x000000000001ca30                __gedf2
                0x000000000001ca30                __gtdf2
                0x000000000001ca38                __ledf2
                0x000000000001ca38                __ltdf2
                0x000000000001ca40                __cmpdf2
                0x000000000001ca40                __eqdf2
                0x000000000001ca40                __nedf2
                0x000000000001cabc                __aeabi_cdrcmple
                0x000000000001cacc                __aeabi_cdcmple
                0x000000000001cacc                __aeabi_cdcmpeq
                0x000000000001cadc                __aeabi_dcmpeq
                0x000000000001caf0                __aeabi_dcmplt
                0x000000000001cb04                __aeabi_dcmple
                0x000000000001cb18                __aeabi_dcmpge
                0x000000000001cb2c                __aeabi_dcmpgt
 .text          0x000000000001cb40       0x50 /Applications/FEH_ARM/bin/../lib/gcc/arm-none-eabi/10.3.1/thumb/v7e-m/nofp/libgcc.a(_arm_fixdfsi.o)
                0x000000000001cb40                __fixdfsi
                0x000000000001cb40                __aeabi_d2iz
 .text          0x000000000001cb90       0x40 /Applications/FEH_ARM/bin/../lib/gcc/arm-none-eabi/10.3.1/thumb/v7e-m/nofp/libgcc.a(_arm_fixunsdfsi.o)
                0x000000000001cb90                __fixunsdfsi
                0x000000000001cb90                __aeabi_d2uiz
 .text          0x000000000001cbd0       0xa0 /Applications/FEH_ARM/bin/../lib/gcc/arm-none-eabi/10.3.1/thumb/v7e-m/nofp/libgcc.a(_arm_truncdfsf2.o)
                0x000000000001cbd0                __aeabi_d2f
                0x000000000001cbd0                __truncdfsf2
 .text          0x000000000001cc70      0x21c /Applications/FEH_ARM/bin/../lib/gcc/arm-none-eabi/10.3.1/thumb/v7e-m/nofp/libgcc.a(_arm_addsubsf3.o)
                0x000000000001cc70                __aeabi_frsub
                0x000000000001cc78                __aeabi_fsub
                0x000000000001cc78                __subsf3
                0x000000000001cc7c                __aeabi_fadd
                0x000000000001cc7c                __addsf3
                0x000000000001cddc                __aeabi_ui2f
                0x000000000001cddc                __floatunsisf
                0x000000000001cde4                __floatsisf
                0x000000000001cde4                __aeabi_i2f
                0x000000000001ce00                __aeabi_ul2f
                0x000000000001ce00                __floatundisf
                0x000000000001ce10                __aeabi_l2f
                0x000000000001ce10                __floatdisf
 .text          0x000000000001ce8c      0x2a0 /Applications/FEH_ARM/bin/../lib/gcc/arm-none-eabi/10.3.1/thumb/v7e-m/nofp/libgcc.a(_arm_muldivsf3.o)
                0x000000000001ce8c                __mulsf3
                0x000000000001ce8c                __aeabi_fmul
                0x000000000001cff4                __divsf3
                0x000000000001cff4                __aeabi_fdiv
 .text          0x000000000001d12c       0xec /Applications/FEH_ARM/bin/../lib/gcc/arm-none-eabi/10.3.1/thumb/v7e-m/nofp/libgcc.a(_arm_cmpsf2.o)
                0x000000000001d12c                __gesf2
                0x000000000001d12c                __gtsf2
                0x000000000001d134                __ltsf2
                0x000000000001d134                __lesf2
                0x000000000001d13c                __nesf2
                0x000000000001d13c                __eqsf2
                0x000000000001d13c                __cmpsf2
                0x000000000001d19c                __aeabi_cfrcmple
                0x000000000001d1a4                __aeabi_cfcmpeq
                0x000000000001d1a4                __aeabi_cfcmple
                0x000000000001d1b4                __aeabi_fcmpeq
                0x000000000001d1c8                __aeabi_fcmplt
                0x000000000001d1dc                __aeabi_fcmple
                0x000000000001d1f0                __aeabi_fcmpge
                0x000000000001d204                __aeabi_fcmpgt
 .text          0x000000000001d218       0x4c /Applications/FEH_ARM/bin/../lib/gcc/arm-none-eabi/10.3.1/thumb/v7e-m/nofp/libgcc.a(_arm_fixsfsi.o)
                0x000000000001d218                __fixsfsi
                0x000000000001d218                __aeabi_f2iz
 .text          0x000000000001d264       0x40 /Applications/FEH_ARM/bin/../lib/gcc/arm-none-eabi/10.3.1/thumb/v7e-m/nofp/libgcc.a(_arm_fixunssfsi.o)
                0x000000000001d264                __aeabi_f2uiz
                0x000000000001d264                __fixunssfsi
 .text          0x000000000001d2a4      0x9d8 /Applications/FEH_ARM/bin/../lib/gcc/arm-none-eabi/10.3.1/thumb/v7e-m/nofp/libgcc.a(unwind-arm.o)
                0x000000000001d54c                _Unwind_GetCFA
                0x000000000001d550                __gnu_Unwind_RaiseException
                0x000000000001d5b8                __gnu_Unwind_ForcedUnwind
                0x000000000001d5c8                __gnu_Unwind_Resume
                0x000000000001d60c                __gnu_Unwind_Resume_or_Rethrow
                0x000000000001d61c                _Unwind_Complete
                0x000000000001d620                _Unwind_DeleteException
                0x000000000001d62c                _Unwind_VRS_Get
                0x000000000001d678                _Unwind_VRS_Set
                0x000000000001d6c0                __gnu_Unwind_Backtrace
                0x000000000001d9ec                __aeabi_unwind_cpp_pr0
                0x000000000001d9f0                __aeabi_unwind_cpp_pr1
                0x000000000001d9f4                __aeabi_unwind_cpp_pr2
                0x000000000001d9f8                _Unwind_VRS_Pop
 .text          0x000000000001dc7c      0x1ac /Applications/FEH_ARM/bin/../lib/gcc/arm-none-eabi/10.3.1/thumb/v7e-m/nofp/libgcc.a(libunwind.o)
                0x000000000001dc7c                __restore_core_regs
                0x000000000001dc7c                restore_core_regs
                0x000000000001dc94                __gnu_Unwind_Restore_VFP
                0x000000000001dc9c                __gnu_Unwind_Save_VFP
                0x000000000001dca4                __gnu_Unwind_Restore_VFP_D
                0x000000000001dcac                __gnu_Unwind_Save_VFP_D
                0x000000000001dcb4                __gnu_Unwind_Restore_VFP_D_16_to_31
                0x000000000001dcbc                __gnu_Unwind_Save_VFP_D_16_to_31
                0x000000000001dcc4                __gnu_Unwind_Restore_WMMXD
                0x000000000001dd08                __gnu_Unwind_Save_WMMXD
                0x000000000001dd4c                __gnu_Unwind_Restore_WMMXC
                0x000000000001dd60                __gnu_Unwind_Save_WMMXC
                0x000000000001dd74                _Unwind_RaiseException
                0x000000000001dd74                ___Unwind_RaiseException
                0x000000000001dd98                ___Unwind_Resume
                0x000000000001dd98                _Unwind_Resume
                0x000000000001ddbc                ___Unwind_Resume_or_Rethrow
                0x000000000001ddbc                _Unwind_Resume_or_Rethrow
                0x000000000001dde0                _Unwind_ForcedUnwind
                0x000000000001dde0                ___Unwind_ForcedUnwind
                0x000000000001de04                _Unwind_Backtrace
                0x000000000001de04                ___Unwind_Backtrace
 .text          0x000000000001de28      0x350 /Applications/FEH_ARM/bin/../lib/gcc/arm-none-eabi/10.3.1/thumb/v7e-m/nofp/libgcc.a(pr-support.o)
                0x000000000001de80                __gnu_unwind_execute
                0x000000000001e12c                __gnu_unwind_frame
                0x000000000001e158                _Unwind_GetRegionStart
                0x000000000001e164                _Unwind_GetLanguageSpecificData
 .text.unlikely
                0x000000000001e178        0xc /Applications/FEH_ARM/bin/../lib/gcc/arm-none-eabi/10.3.1/thumb/v7e-m/nofp/libgcc.a(pr-support.o)
                0x000000000001e178                _Unwind_GetDataRelBase
                0x000000000001e17e                _Unwind_GetTextRelBase
 .text.abort    0x000000000001e184       0x10 /Applications/FEH_ARM/bin/../lib/gcc/arm-none-eabi/10.3.1/../../../../arm-none-eabi/lib/thumb/v7e-m/nofp/libg.a(lib_a-abort.o)
                0x000000000001e184                abort
 .text.fputc    0x000000000001e194       0x58 /Applications/FEH_ARM/bin/../lib/gcc/arm-none-eabi/10.3.1/../../../../arm-none-eabi/lib/thumb/v7e-m/nofp/libg.a(lib_a-fputc.o)
                0x000000000001e194                fputc
 .text._fputs_r
                0x000000000001e1ec       0x88 /Applications/FEH_ARM/bin/../lib/gcc/arm-none-eabi/10.3.1/../../../../arm-none-eabi/lib/thumb/v7e-m/nofp/libg.a(lib_a-fputs.o)
                0x000000000001e1ec                _fputs_r
 .text.fputs    0x000000000001e274       0x18 /Applications/FEH_ARM/bin/../lib/gcc/arm-none-eabi/10.3.1/../../../../arm-none-eabi/lib/thumb/v7e-m/nofp/libg.a(lib_a-fputs.o)
                0x000000000001e274                fputs
 .text.__sfvwrite_r
                0x000000000001e28c      0x2e8 /Applications/FEH_ARM/bin/../lib/gcc/arm-none-eabi/10.3.1/../../../../arm-none-eabi/lib/thumb/v7e-m/nofp/libg.a(lib_a-fvwrite.o)
                0x000000000001e28c                __sfvwrite_r
 .text._fwrite_r
                0x000000000001e574       0xa8 /Applications/FEH_ARM/bin/../lib/gcc/arm-none-eabi/10.3.1/../../../../arm-none-eabi/lib/thumb/v7e-m/nofp/libg.a(lib_a-fwrite.o)
                0x000000000001e574                _fwrite_r
 .text.fwrite   0x000000000001e61c       0x20 /Applications/FEH_ARM/bin/../lib/gcc/arm-none-eabi/10.3.1/../../../../arm-none-eabi/lib/thumb/v7e-m/nofp/libg.a(lib_a-fwrite.o)
                0x000000000001e61c                fwrite
 .text.__libc_init_array
                0x000000000001e63c       0x48 /Applications/FEH_ARM/bin/../lib/gcc/arm-none-eabi/10.3.1/../../../../arm-none-eabi/lib/thumb/v7e-m/nofp/libg.a(lib_a-init.o)
                0x000000000001e63c                __libc_init_array
 .text.__retarget_lock_init_recursive
                0x000000000001e684        0x4 /Applications/FEH_ARM/bin/../lib/gcc/arm-none-eabi/10.3.1/../../../../arm-none-eabi/lib/thumb/v7e-m/nofp/libg.a(lib_a-lock.o)
                0x000000000001e684                __retarget_lock_init_recursive
 .text.__retarget_lock_close_recursive
                0x000000000001e688        0x4 /Applications/FEH_ARM/bin/../lib/gcc/arm-none-eabi/10.3.1/../../../../arm-none-eabi/lib/thumb/v7e-m/nofp/libg.a(lib_a-lock.o)
                0x000000000001e688                __retarget_lock_close_recursive
 .text.__retarget_lock_acquire_recursive
                0x000000000001e68c        0x4 /Applications/FEH_ARM/bin/../lib/gcc/arm-none-eabi/10.3.1/../../../../arm-none-eabi/lib/thumb/v7e-m/nofp/libg.a(lib_a-lock.o)
                0x000000000001e68c                __retarget_lock_acquire_recursive
 .text.__retarget_lock_release_recursive
                0x000000000001e690        0x4 /Applications/FEH_ARM/bin/../lib/gcc/arm-none-eabi/10.3.1/../../../../arm-none-eabi/lib/thumb/v7e-m/nofp/libg.a(lib_a-lock.o)
                0x000000000001e690                __retarget_lock_release_recursive
 .text.malloc   0x000000000001e694       0x10 /Applications/FEH_ARM/bin/../lib/gcc/arm-none-eabi/10.3.1/../../../../arm-none-eabi/lib/thumb/v7e-m/nofp/libg.a(lib_a-malloc.o)
                0x000000000001e694                malloc
 .text.free     0x000000000001e6a4       0x10 /Applications/FEH_ARM/bin/../lib/gcc/arm-none-eabi/10.3.1/../../../../arm-none-eabi/lib/thumb/v7e-m/nofp/libg.a(lib_a-malloc.o)
                0x000000000001e6a4                free
 .text._malloc_r
                0x000000000001e6b4      0x560 /Applications/FEH_ARM/bin/../lib/gcc/arm-none-eabi/10.3.1/../../../../arm-none-eabi/lib/thumb/v7e-m/nofp/libg.a(lib_a-mallocr.o)
                0x000000000001e6b4                _malloc_r
 *fill*         0x000000000001ec14        0xc 
 .text          0x000000000001ec20       0xa0 /Applications/FEH_ARM/bin/../lib/gcc/arm-none-eabi/10.3.1/../../../../arm-none-eabi/lib/thumb/v7e-m/nofp/libg.a(lib_a-memchr.o)
                0x000000000001ec20                memchr
 .text.memcmp   0x000000000001ecc0       0x68 /Applications/FEH_ARM/bin/../lib/gcc/arm-none-eabi/10.3.1/../../../../arm-none-eabi/lib/thumb/v7e-m/nofp/libg.a(lib_a-memcmp.o)
                0x000000000001ecc0                memcmp
 .text          0x000000000001ed28      0x134 /Applications/FEH_ARM/bin/../lib/gcc/arm-none-eabi/10.3.1/../../../../arm-none-eabi/lib/thumb/v7e-m/nofp/libg.a(lib_a-memcpy.o)
                0x000000000001ed28                memcpy
 .text.memmove  0x000000000001ee5c       0xf8 /Applications/FEH_ARM/bin/../lib/gcc/arm-none-eabi/10.3.1/../../../../arm-none-eabi/lib/thumb/v7e-m/nofp/libg.a(lib_a-memmove.o)
                0x000000000001ee5c                memmove
 .text.memset   0x000000000001ef54       0xa4 /Applications/FEH_ARM/bin/../lib/gcc/arm-none-eabi/10.3.1/../../../../arm-none-eabi/lib/thumb/v7e-m/nofp/libg.a(lib_a-memset.o)
                0x000000000001ef54                memset
 .text.__malloc_lock
                0x000000000001eff8        0xc /Applications/FEH_ARM/bin/../lib/gcc/arm-none-eabi/10.3.1/../../../../arm-none-eabi/lib/thumb/v7e-m/nofp/libg.a(lib_a-mlock.o)
                0x000000000001eff8                __malloc_lock
 .text.__malloc_unlock
                0x000000000001f004        0xc /Applications/FEH_ARM/bin/../lib/gcc/arm-none-eabi/10.3.1/../../../../arm-none-eabi/lib/thumb/v7e-m/nofp/libg.a(lib_a-mlock.o)
                0x000000000001f004                __malloc_unlock
 .text._putc_r  0x000000000001f010       0x74 /Applications/FEH_ARM/bin/../lib/gcc/arm-none-eabi/10.3.1/../../../../arm-none-eabi/lib/thumb/v7e-m/nofp/libg.a(lib_a-putc.o)
                0x000000000001f010                _putc_r
 .text.realloc  0x000000000001f084       0x18 /Applications/FEH_ARM/bin/../lib/gcc/arm-none-eabi/10.3.1/../../../../arm-none-eabi/lib/thumb/v7e-m/nofp/libg.a(lib_a-realloc.o)
                0x000000000001f084                realloc
 .text._realloc_r